Archive member included to satisfy reference by file (symbol)

c:/program files (x86)/gnu arm embedded toolchain/10 2021.10/bin/../lib/gcc/arm-none-eabi/10.3.1/../../../../arm-none-eabi/lib/thumb/v7e-m+fp/hard\libc_nano.a(lib_a-exit.o)
                              c:/program files (x86)/gnu arm embedded toolchain/10 2021.10/bin/../lib/gcc/arm-none-eabi/10.3.1/../../../../arm-none-eabi/lib/thumb/v7e-m+fp/hard/crt0.o (exit)
c:/program files (x86)/gnu arm embedded toolchain/10 2021.10/bin/../lib/gcc/arm-none-eabi/10.3.1/../../../../arm-none-eabi/lib/thumb/v7e-m+fp/hard\libc_nano.a(lib_a-impure.o)
                              c:/program files (x86)/gnu arm embedded toolchain/10 2021.10/bin/../lib/gcc/arm-none-eabi/10.3.1/../../../../arm-none-eabi/lib/thumb/v7e-m+fp/hard\libc_nano.a(lib_a-exit.o) (_global_impure_ptr)
c:/program files (x86)/gnu arm embedded toolchain/10 2021.10/bin/../lib/gcc/arm-none-eabi/10.3.1/../../../../arm-none-eabi/lib/thumb/v7e-m+fp/hard\libc_nano.a(lib_a-init.o)
                              c:/program files (x86)/gnu arm embedded toolchain/10 2021.10/bin/../lib/gcc/arm-none-eabi/10.3.1/../../../../arm-none-eabi/lib/thumb/v7e-m+fp/hard/crt0.o (__libc_init_array)
c:/program files (x86)/gnu arm embedded toolchain/10 2021.10/bin/../lib/gcc/arm-none-eabi/10.3.1/../../../../arm-none-eabi/lib/thumb/v7e-m+fp/hard\libc_nano.a(lib_a-memcpy-stub.o)
                              build/queue.o (memcpy)
c:/program files (x86)/gnu arm embedded toolchain/10 2021.10/bin/../lib/gcc/arm-none-eabi/10.3.1/../../../../arm-none-eabi/lib/thumb/v7e-m+fp/hard\libc_nano.a(lib_a-memset.o)
                              c:/program files (x86)/gnu arm embedded toolchain/10 2021.10/bin/../lib/gcc/arm-none-eabi/10.3.1/../../../../arm-none-eabi/lib/thumb/v7e-m+fp/hard/crt0.o (memset)
c:/program files (x86)/gnu arm embedded toolchain/10 2021.10/bin/../lib/gcc/arm-none-eabi/10.3.1/../../../../arm-none-eabi/lib/thumb/v7e-m+fp/hard\libc_nano.a(lib_a-sprintf.o)
                              build/tasks.o (sprintf)
c:/program files (x86)/gnu arm embedded toolchain/10 2021.10/bin/../lib/gcc/arm-none-eabi/10.3.1/../../../../arm-none-eabi/lib/thumb/v7e-m+fp/hard\libc_nano.a(lib_a-strcpy.o)
                              build/tasks.o (strcpy)
c:/program files (x86)/gnu arm embedded toolchain/10 2021.10/bin/../lib/gcc/arm-none-eabi/10.3.1/../../../../arm-none-eabi/lib/thumb/v7e-m+fp/hard\libc_nano.a(lib_a-strlen.o)
                              build/tasks.o (strlen)
c:/program files (x86)/gnu arm embedded toolchain/10 2021.10/bin/../lib/gcc/arm-none-eabi/10.3.1/../../../../arm-none-eabi/lib/thumb/v7e-m+fp/hard\libc_nano.a(lib_a-nano-svfprintf.o)
                              c:/program files (x86)/gnu arm embedded toolchain/10 2021.10/bin/../lib/gcc/arm-none-eabi/10.3.1/../../../../arm-none-eabi/lib/thumb/v7e-m+fp/hard\libc_nano.a(lib_a-sprintf.o) (_svfprintf_r)
c:/program files (x86)/gnu arm embedded toolchain/10 2021.10/bin/../lib/gcc/arm-none-eabi/10.3.1/../../../../arm-none-eabi/lib/thumb/v7e-m+fp/hard\libc_nano.a(lib_a-nano-vfprintf_i.o)
                              c:/program files (x86)/gnu arm embedded toolchain/10 2021.10/bin/../lib/gcc/arm-none-eabi/10.3.1/../../../../arm-none-eabi/lib/thumb/v7e-m+fp/hard\libc_nano.a(lib_a-nano-svfprintf.o) (_printf_i)
c:/program files (x86)/gnu arm embedded toolchain/10 2021.10/bin/../lib/gcc/arm-none-eabi/10.3.1/../../../../arm-none-eabi/lib/thumb/v7e-m+fp/hard\libc_nano.a(lib_a-memchr.o)
                              c:/program files (x86)/gnu arm embedded toolchain/10 2021.10/bin/../lib/gcc/arm-none-eabi/10.3.1/../../../../arm-none-eabi/lib/thumb/v7e-m+fp/hard\libc_nano.a(lib_a-nano-svfprintf.o) (memchr)
c:/program files (x86)/gnu arm embedded toolchain/10 2021.10/bin/../lib/gcc/arm-none-eabi/10.3.1/../../../../arm-none-eabi/lib/thumb/v7e-m+fp/hard\libc_nano.a(lib_a-memmove.o)
                              c:/program files (x86)/gnu arm embedded toolchain/10 2021.10/bin/../lib/gcc/arm-none-eabi/10.3.1/../../../../arm-none-eabi/lib/thumb/v7e-m+fp/hard\libc_nano.a(lib_a-nano-svfprintf.o) (memmove)
c:/program files (x86)/gnu arm embedded toolchain/10 2021.10/bin/../lib/gcc/arm-none-eabi/10.3.1/../../../../arm-none-eabi/lib/thumb/v7e-m+fp/hard\libc_nano.a(lib_a-nano-freer.o)
                              c:/program files (x86)/gnu arm embedded toolchain/10 2021.10/bin/../lib/gcc/arm-none-eabi/10.3.1/../../../../arm-none-eabi/lib/thumb/v7e-m+fp/hard\libc_nano.a(lib_a-nano-svfprintf.o) (_free_r)
c:/program files (x86)/gnu arm embedded toolchain/10 2021.10/bin/../lib/gcc/arm-none-eabi/10.3.1/../../../../arm-none-eabi/lib/thumb/v7e-m+fp/hard\libc_nano.a(lib_a-nano-mallocr.o)
                              c:/program files (x86)/gnu arm embedded toolchain/10 2021.10/bin/../lib/gcc/arm-none-eabi/10.3.1/../../../../arm-none-eabi/lib/thumb/v7e-m+fp/hard\libc_nano.a(lib_a-nano-svfprintf.o) (_malloc_r)
[...]
Memory Configuration

Name             Origin             Length             Attributes
RAM              0x20000000         0x00020000         xrw
CCMRAM           0x10000000         0x00010000         xrw
FLASH            0x08000000         0x00080000         xr
*default*        0x00000000         0xffffffff

Linker script and memory map

LOAD c:/program files (x86)/gnu arm embedded toolchain/10 2021.10/bin/../lib/gcc/arm-none-eabi/10.3.1/thumb/v7e-m+fp/hard/crti.o
LOAD c:/program files (x86)/gnu arm embedded toolchain/10 2021.10/bin/../lib/gcc/arm-none-eabi/10.3.1/thumb/v7e-m+fp/hard/crtbegin.o
LOAD c:/program files (x86)/gnu arm embedded toolchain/10 2021.10/bin/../lib/gcc/arm-none-eabi/10.3.1/../../../../arm-none-eabi/lib/thumb/v7e-m+fp/hard/crt0.o
LOAD build/main.o
LOAD build/gpio.o
LOAD build/freertos.o
LOAD build/spi.o
LOAD build/usart.o
LOAD build/stm32f4xx_it.o
LOAD build/stm32f4xx_hal_msp.o
LOAD build/stm32f4xx_hal_rcc.o
LOAD build/stm32f4xx_hal_rcc_ex.o
LOAD build/stm32f4xx_hal_flash.o
LOAD build/stm32f4xx_hal_flash_ex.o
LOAD build/stm32f4xx_hal_flash_ramfunc.o
LOAD build/stm32f4xx_hal_gpio.o
LOAD build/stm32f4xx_hal_dma_ex.o
LOAD build/stm32f4xx_hal_dma.o
LOAD build/stm32f4xx_hal_pwr.o
LOAD build/stm32f4xx_hal_pwr_ex.o
LOAD build/stm32f4xx_hal_cortex.o
LOAD build/stm32f4xx_hal.o
LOAD build/stm32f4xx_hal_exti.o
LOAD build/stm32f4xx_hal_spi.o
LOAD build/stm32f4xx_hal_usart.o
LOAD build/system_stm32f4xx.o
LOAD build/croutine.o
LOAD build/event_groups.o
LOAD build/list.o
LOAD build/queue.o
LOAD build/stream_buffer.o
LOAD build/tasks.o
LOAD build/timers.o
LOAD build/cmsis_os2.o
LOAD build/heap_4.o
LOAD build/port.o
LOAD build/startup_stm32f407xx.o
LOAD c:/program files (x86)/gnu arm embedded toolchain/10 2021.10/bin/../lib/gcc/arm-none-eabi/10.3.1/../../../../arm-none-eabi/lib/thumb/v7e-m+fp/hard\libc_nano.a
LOAD c:/program files (x86)/gnu arm embedded toolchain/10 2021.10/bin/../lib/gcc/arm-none-eabi/10.3.1/../../../../arm-none-eabi/lib/thumb/v7e-m+fp/hard\libm.a
LOAD c:/program files (x86)/gnu arm embedded toolchain/10 2021.10/bin/../lib/gcc/arm-none-eabi/10.3.1/../../../../arm-none-eabi/lib/thumb/v7e-m+fp/hard\libnosys.a
START GROUP
LOAD c:/program files (x86)/gnu arm embedded toolchain/10 2021.10/bin/../lib/gcc/arm-none-eabi/10.3.1/thumb/v7e-m+fp/hard\libgcc.a
LOAD c:/program files (x86)/gnu arm embedded toolchain/10 2021.10/bin/../lib/gcc/arm-none-eabi/10.3.1/../../../../arm-none-eabi/lib/thumb/v7e-m+fp/hard\libc_nano.a
END GROUP
START GROUP
LOAD c:/program files (x86)/gnu arm embedded toolchain/10 2021.10/bin/../lib/gcc/arm-none-eabi/10.3.1/thumb/v7e-m+fp/hard\libgcc.a
LOAD c:/program files (x86)/gnu arm embedded toolchain/10 2021.10/bin/../lib/gcc/arm-none-eabi/10.3.1/../../../../arm-none-eabi/lib/thumb/v7e-m+fp/hard\libc_nano.a
END GROUP
LOAD c:/program files (x86)/gnu arm embedded toolchain/10 2021.10/bin/../lib/gcc/arm-none-eabi/10.3.1/thumb/v7e-m+fp/hard/crtend.o
LOAD c:/program files (x86)/gnu arm embedded toolchain/10 2021.10/bin/../lib/gcc/arm-none-eabi/10.3.1/thumb/v7e-m+fp/hard/crtn.o
                0x20020000                _estack = (ORIGIN (RAM) + LENGTH (RAM))
                0x00000200                _Min_Heap_Size = 0x200
                0x00000400                _Min_Stack_Size = 0x400

.isr_vector     0x08000000      0x188
                0x08000000                . = ALIGN (0x4)
 *(.isr_vector)
 .isr_vector    0x08000000      0x188 build/startup_stm32f407xx.o
                0x08000000                g_pfnVectors
                0x08000188                . = ALIGN (0x4)

.text           0x08000190     0x35bc
                0x08000190                . = ALIGN (0x4)
 *(.text)
 .text          0x08000190       0x40 c:/program files (x86)/gnu arm embedded toolchain/10 2021.10/bin/../lib/gcc/arm-none-eabi/10.3.1/thumb/v7e-m+fp/hard/crtbegin.o
 .text          0x080001d0       0x30 c:/program files (x86)/gnu arm embedded toolchain/10 2021.10/bin/../lib/gcc/arm-none-eabi/10.3.1/thumb/v7e-m+fp/hard\libgcc.a(_aeabi_uldivmod.o)
                0x080001d0                __aeabi_uldivmod
 .text          0x08000200      0x2d0 c:/program files (x86)/gnu arm embedded toolchain/10 2021.10/bin/../lib/gcc/arm-none-eabi/10.3.1/thumb/v7e-m+fp/hard\libgcc.a(_udivmoddi4.o)
                0x08000200                __udivmoddi4
 .text          0x080004d0        0x4 c:/program files (x86)/gnu arm embedded toolchain/10 2021.10/bin/../lib/gcc/arm-none-eabi/10.3.1/thumb/v7e-m+fp/hard\libgcc.a(_dvmd_tls.o)
                0x080004d0                __aeabi_idiv0
                0x080004d0                __aeabi_ldiv0
 *(.text*)
 .text.Error_Handler
                0x080004d4        0x4 build/main.o
                0x080004d4                Error_Handler
 .text.SystemClock_Config
                0x080004d8       0x88 build/main.o
                0x080004d8                SystemClock_Config
 .text.main     0x08000560       0x24 build/main.o
                0x08000560                main
 .text.MX_GPIO_Init
                0x08000584       0xa4 build/gpio.o
                0x08000584                MX_GPIO_Init
 .text.Task_Led
                0x08000628       0x18 build/freertos.o
                0x08000628                Task_Led
 .text.configureTimerForRunTimeStats
                0x08000640        0x2 build/freertos.o
                0x08000640                configureTimerForRunTimeStats
 .text.getRunTimeCounterValue
                0x08000642        0x4 build/freertos.o
                0x08000642                getRunTimeCounterValue
 .text.vApplicationIdleHook
                0x08000646        0x2 build/freertos.o
                0x08000646                vApplicationIdleHook
 .text.vApplicationStackOverflowHook
                0x08000648        0x2 build/freertos.o
                0x08000648                vApplicationStackOverflowHook
 *fill*         0x0800064a        0x2 
 .text.MX_FREERTOS_Init
                0x0800064c       0x20 build/freertos.o
                0x0800064c                MX_FREERTOS_Init
 .text.MX_SPI1_Init
                0x0800066c       0x40 build/spi.o
                0x0800066c                MX_SPI1_Init
 .text.HAL_SPI_MspInit
                0x080006ac       0x7c build/spi.o
                0x080006ac                HAL_SPI_MspInit
 .text.MX_USART1_Init
                0x08000728       0x38 build/usart.o
                0x08000728                MX_USART1_Init
 .text.HAL_USART_MspInit
                0x08000760       0x80 build/usart.o
                0x08000760                HAL_USART_MspInit
 .text.NMI_Handler
                0x080007e0        0x2 build/stm32f4xx_it.o
                0x080007e0                NMI_Handler
 .text.HardFault_Handler
                0x080007e2        0x2 build/stm32f4xx_it.o
                0x080007e2                HardFault_Handler
 .text.MemManage_Handler
                0x080007e4        0x2 build/stm32f4xx_it.o
                0x080007e4                MemManage_Handler
 .text.BusFault_Handler
                0x080007e6        0x2 build/stm32f4xx_it.o
                0x080007e6                BusFault_Handler
 .text.UsageFault_Handler
                0x080007e8        0x2 build/stm32f4xx_it.o
                0x080007e8                UsageFault_Handler
 .text.DebugMon_Handler
                0x080007ea        0x2 build/stm32f4xx_it.o
                0x080007ea                DebugMon_Handler
 .text.SysTick_Handler
                0x080007ec       0x16 build/stm32f4xx_it.o
                0x080007ec                SysTick_Handler
 *fill*         0x08000802        0x2 
 .text.SPI1_IRQHandler
                0x08000804       0x10 build/stm32f4xx_it.o
                0x08000804                SPI1_IRQHandler
 .text.USART1_IRQHandler
                0x08000814       0x10 build/stm32f4xx_it.o
                0x08000814                USART1_IRQHandler
 .text.HAL_MspInit
                0x08000824       0x44 build/stm32f4xx_hal_msp.o
                0x08000824                HAL_MspInit
 .text.HAL_RCC_OscConfig
                0x08000868      0x3f8 build/stm32f4xx_hal_rcc.o
                0x08000868                HAL_RCC_OscConfig
 .text.HAL_RCC_GetSysClockFreq
                0x08000c60       0xa4 build/stm32f4xx_hal_rcc.o
                0x08000c60                HAL_RCC_GetSysClockFreq
 .text.HAL_RCC_ClockConfig
                0x08000d04      0x160 build/stm32f4xx_hal_rcc.o
                0x08000d04                HAL_RCC_ClockConfig
 .text.HAL_RCC_GetHCLKFreq
                0x08000e64        0xc build/stm32f4xx_hal_rcc.o
                0x08000e64                HAL_RCC_GetHCLKFreq
 .text.HAL_RCC_GetPCLK1Freq
                0x08000e70       0x20 build/stm32f4xx_hal_rcc.o
                0x08000e70                HAL_RCC_GetPCLK1Freq
 .text.HAL_RCC_GetPCLK2Freq
                0x08000e90       0x20 build/stm32f4xx_hal_rcc.o
                0x08000e90                HAL_RCC_GetPCLK2Freq
 .text.HAL_GPIO_Init
                0x08000eb0      0x1e4 build/stm32f4xx_hal_gpio.o
                0x08000eb0                HAL_GPIO_Init
 .text.HAL_GPIO_WritePin
                0x08001094        0xc build/stm32f4xx_hal_gpio.o
                0x08001094                HAL_GPIO_WritePin
 .text.HAL_GPIO_TogglePin
                0x080010a0       0x12 build/stm32f4xx_hal_gpio.o
                0x080010a0                HAL_GPIO_TogglePin
 .text.HAL_DMA_Abort_IT
                0x080010b2       0x26 build/stm32f4xx_hal_dma.o
                0x080010b2                HAL_DMA_Abort_IT
 .text.HAL_NVIC_SetPriorityGrouping
                0x080010d8       0x24 build/stm32f4xx_hal_cortex.o
                0x080010d8                HAL_NVIC_SetPriorityGrouping
 .text.HAL_NVIC_SetPriority
                0x080010fc       0x70 build/stm32f4xx_hal_cortex.o
                0x080010fc                HAL_NVIC_SetPriority
 .text.HAL_NVIC_EnableIRQ
                0x0800116c       0x1c build/stm32f4xx_hal_cortex.o
                0x0800116c                HAL_NVIC_EnableIRQ
 .text.HAL_SYSTICK_Config
                0x08001188       0x28 build/stm32f4xx_hal_cortex.o
                0x08001188                HAL_SYSTICK_Config
 .text.HAL_InitTick
                0x080011b0       0x4c build/stm32f4xx_hal.o
                0x080011b0                HAL_InitTick
 .text.HAL_Init
                0x080011fc       0x34 build/stm32f4xx_hal.o
                0x080011fc                HAL_Init
 .text.HAL_IncTick
                0x08001230       0x18 build/stm32f4xx_hal.o
                0x08001230                HAL_IncTick
 .text.HAL_GetTick
                0x08001248        0xc build/stm32f4xx_hal.o
                0x08001248                HAL_GetTick
 .text.HAL_SPI_Init
                0x08001254       0xbe build/stm32f4xx_hal_spi.o
                0x08001254                HAL_SPI_Init
 .text.HAL_SPI_ErrorCallback
                0x08001312        0x2 build/stm32f4xx_hal_spi.o
                0x08001312                HAL_SPI_ErrorCallback
 .text.HAL_SPI_IRQHandler
                0x08001314      0x124 build/stm32f4xx_hal_spi.o
                0x08001314                HAL_SPI_IRQHandler
 .text.SPI_DMAAbortOnError
                0x08001438       0x10 build/stm32f4xx_hal_spi.o
 .text.USART_EndRxTransfer
                0x08001448       0x1c build/stm32f4xx_hal_usart.o
 .text.USART_Transmit_IT
                0x08001464       0x60 build/stm32f4xx_hal_usart.o
 .text.USART_SetConfig
                0x080014c4      0x11c build/stm32f4xx_hal_usart.o
 .text.HAL_USART_Init
                0x080015e0       0x50 build/stm32f4xx_hal_usart.o
                0x080015e0                HAL_USART_Init
 .text.HAL_USART_TxCpltCallback
                0x08001630        0x2 build/stm32f4xx_hal_usart.o
                0x08001630                HAL_USART_TxCpltCallback
 .text.USART_EndTransmit_IT
                0x08001632       0x24 build/stm32f4xx_hal_usart.o
 .text.HAL_USART_RxCpltCallback
                0x08001656        0x2 build/stm32f4xx_hal_usart.o
                0x08001656                HAL_USART_RxCpltCallback
 .text.USART_Receive_IT
                0x08001658       0x9e build/stm32f4xx_hal_usart.o
 .text.HAL_USART_TxRxCpltCallback
                0x080016f6        0x2 build/stm32f4xx_hal_usart.o
                0x080016f6                HAL_USART_TxRxCpltCallback
 .text.USART_TransmitReceive_IT
                0x080016f8       0xfc build/stm32f4xx_hal_usart.o
 .text.HAL_USART_ErrorCallback
                0x080017f4        0x2 build/stm32f4xx_hal_usart.o
                0x080017f4                HAL_USART_ErrorCallback
 *fill*         0x080017f6        0x2 
 .text.HAL_USART_IRQHandler
                0x080017f8      0x15c build/stm32f4xx_hal_usart.o
                0x080017f8                HAL_USART_IRQHandler
 .text.USART_DMAAbortOnError
                0x08001954       0x10 build/stm32f4xx_hal_usart.o
 .text.SystemInit
                0x08001964       0x14 build/system_stm32f4xx.o
                0x08001964                SystemInit
 .text.vListInitialise
                0x08001978       0x16 build/list.o
                0x08001978                vListInitialise
 .text.vListInitialiseItem
                0x0800198e        0x6 build/list.o
                0x0800198e                vListInitialiseItem
 .text.vListInsertEnd
                0x08001994       0x16 build/list.o
                0x08001994                vListInsertEnd
 .text.vListInsert
                0x080019aa       0x32 build/list.o
                0x080019aa                vListInsert
 .text.uxListRemove
                0x080019dc       0x26 build/list.o
                0x080019dc                uxListRemove
 .text.prvIsQueueFull
                0x08001a02       0x1e build/queue.o
 .text.prvIsQueueEmpty
                0x08001a20       0x1a build/queue.o
 .text.prvCopyDataToQueue
                0x08001a3a       0x76 build/queue.o
 .text.prvCopyDataFromQueue
                0x08001ab0       0x24 build/queue.o
 .text.prvUnlockQueue
                0x08001ad4       0x6e build/queue.o
 .text.xQueueGenericReset
                0x08001b42       0x84 build/queue.o
                0x08001b42                xQueueGenericReset
 .text.prvInitialiseNewQueue
                0x08001bc6       0x22 build/queue.o
 .text.xQueueGenericCreateStatic
                0x08001be8       0x94 build/queue.o
                0x08001be8                xQueueGenericCreateStatic
 .text.xQueueGenericSend
                0x08001c7c      0x188 build/queue.o
                0x08001c7c                xQueueGenericSend
 .text.xQueueGenericSendFromISR
                0x08001e04       0xce build/queue.o
                0x08001e04                xQueueGenericSendFromISR
 .text.xQueueReceive
                0x08001ed2      0x15e build/queue.o
                0x08001ed2                xQueueReceive
 .text.vQueueAddToRegistry
                0x08002030       0x28 build/queue.o
                0x08002030                vQueueAddToRegistry
 .text.vQueueWaitForMessageRestricted
                0x08002058       0x52 build/queue.o
                0x08002058                vQueueWaitForMessageRestricted
 *fill*         0x080020aa        0x2 
 .text.prvResetNextTaskUnblockTime
                0x080020ac       0x2c build/tasks.o
 .text.prvInitialiseNewTask
                0x080020d8       0xaa build/tasks.o
 *fill*         0x08002182        0x2 
 .text.prvInitialiseTaskLists
                0x08002184       0x68 build/tasks.o
 .text.prvAddNewTaskToReadyList
                0x080021ec       0xac build/tasks.o
 .text.prvDeleteTCB
                0x08002298       0x38 build/tasks.o
 .text.prvCheckTasksWaitingTermination
                0x080022d0       0x4c build/tasks.o
 .text.prvAddCurrentTaskToDelayedList
                0x0800231c       0x7c build/tasks.o
 .text.prvIdleTask
                0x08002398       0x30 build/tasks.o
 .text.xTaskCreateStatic
                0x080023c8       0x76 build/tasks.o
                0x080023c8                xTaskCreateStatic
 .text.xTaskCreate
                0x0800243e       0x68 build/tasks.o
                0x0800243e                xTaskCreate
 *fill*         0x080024a6        0x2 
 .text.vTaskStartScheduler
                0x080024a8       0xa0 build/tasks.o
                0x080024a8                vTaskStartScheduler
 .text.vTaskSuspendAll
                0x08002548       0x10 build/tasks.o
                0x08002548                vTaskSuspendAll
 .text.xTaskGetTickCount
                0x08002558        0xc build/tasks.o
                0x08002558                xTaskGetTickCount
 .text.xTaskIncrementTick
                0x08002564      0x118 build/tasks.o
                0x08002564                xTaskIncrementTick
 .text.xTaskResumeAll
                0x0800267c       0xf8 build/tasks.o
                0x0800267c                xTaskResumeAll
 .text.vTaskDelay
                0x08002774       0x4c build/tasks.o
                0x08002774                vTaskDelay
 .text.vTaskSwitchContext
                0x080027c0       0xf4 build/tasks.o
                0x080027c0                vTaskSwitchContext
 .text.vTaskPlaceOnEventList
                0x080028b4       0x30 build/tasks.o
                0x080028b4                vTaskPlaceOnEventList
 .text.vTaskPlaceOnEventListRestricted
                0x080028e4       0x38 build/tasks.o
                0x080028e4                vTaskPlaceOnEventListRestricted
 .text.xTaskRemoveFromEventList
                0x0800291c       0x8c build/tasks.o
                0x0800291c                xTaskRemoveFromEventList
 .text.vTaskInternalSetTimeOutState
                0x080029a8       0x18 build/tasks.o
                0x080029a8                vTaskInternalSetTimeOutState
 .text.xTaskCheckForTimeOut
                0x080029c0       0x84 build/tasks.o
                0x080029c0                xTaskCheckForTimeOut
 .text.vTaskMissedYield
                0x08002a44        0xc build/tasks.o
                0x08002a44                vTaskMissedYield
 .text.xTaskGetSchedulerState
                0x08002a50       0x20 build/tasks.o
                0x08002a50                xTaskGetSchedulerState
 .text.xTaskPriorityDisinherit
                0x08002a70       0x90 build/tasks.o
                0x08002a70                xTaskPriorityDisinherit
 .text.prvGetNextExpireTime
                0x08002b00       0x20 build/timers.o
 .text.prvInsertTimerInActiveList
                0x08002b20       0x48 build/timers.o
 .text.prvCheckForValidListAndQueue
                0x08002b68       0x70 build/timers.o
 .text.xTimerCreateTimerTask
                0x08002bd8       0x64 build/timers.o
                0x08002bd8                xTimerCreateTimerTask
 .text.xTimerGenericCommand
                0x08002c3c       0x6c build/timers.o
                0x08002c3c                xTimerGenericCommand
 .text.prvSwitchTimerLists
                0x08002ca8       0x7c build/timers.o
 .text.prvSampleTimeNow
                0x08002d24       0x2c build/timers.o
 .text.prvProcessExpiredTimer
                0x08002d50       0x6c build/timers.o
 .text.prvProcessTimerOrBlockTask
                0x08002dbc       0x74 build/timers.o
 .text.prvProcessReceivedCommands
                0x08002e30      0x10c build/timers.o
 .text.prvTimerTask
                0x08002f3c       0x16 build/timers.o
 *fill*         0x08002f52        0x2 
 .text.osKernelInitialize
                0x08002f54       0x24 build/cmsis_os2.o
                0x08002f54                osKernelInitialize
 .text.osKernelStart
                0x08002f78       0x38 build/cmsis_os2.o
                0x08002f78                osKernelStart
 .text.osThreadNew
                0x08002fb0       0xbc build/cmsis_os2.o
                0x08002fb0                osThreadNew
 .text.osDelay  0x0800306c       0x1c build/cmsis_os2.o
                0x0800306c                osDelay
 .text.vApplicationGetIdleTaskMemory
                0x08003088       0x18 build/cmsis_os2.o
                0x08003088                vApplicationGetIdleTaskMemory
 .text.vApplicationGetTimerTaskMemory
                0x080030a0       0x18 build/cmsis_os2.o
                0x080030a0                vApplicationGetTimerTaskMemory
 .text.prvHeapInit
                0x080030b8       0x64 build/heap_4.o
 .text.prvInsertBlockIntoFreeList
                0x0800311c       0x64 build/heap_4.o
 .text.pvPortMalloc
                0x08003180       0xfc build/heap_4.o
                0x08003180                pvPortMalloc
 .text.vPortFree
                0x0800327c       0x7c build/heap_4.o
                0x0800327c                vPortFree
 .text.prvTaskExitError
                0x080032f8       0x40 build/port.o
 .text.prvPortStartFirstTask
                0x08003338       0x28 build/port.o
 .text.vPortEnableVFP
                0x08003360       0x14 build/port.o
 .text.pxPortInitialiseStack
                0x08003374       0x2c build/port.o
                0x08003374                pxPortInitialiseStack
 .text.SVC_Handler
                0x080033a0       0x24 build/port.o
                0x080033a0                SVC_Handler
 .text.vPortEnterCritical
                0x080033c4       0x44 build/port.o
                0x080033c4                vPortEnterCritical
 .text.vPortExitCritical
                0x08003408       0x2c build/port.o
                0x08003408                vPortExitCritical
 *fill*         0x08003434        0xc 
 .text.PendSV_Handler
                0x08003440       0x64 build/port.o
                0x08003440                PendSV_Handler
 .text.xPortSysTickHandler
                0x080034a4       0x2c build/port.o
                0x080034a4                xPortSysTickHandler
 .text.vPortSetupTimerInterrupt
                0x080034d0       0x28 build/port.o
                0x080034d0                vPortSetupTimerInterrupt
 .text.xPortStartScheduler
                0x080034f8      0x118 build/port.o
                0x080034f8                xPortStartScheduler
 .text.vPortValidateInterruptPriority
                0x08003610       0x5c build/port.o
                0x08003610                vPortValidateInterruptPriority
 .text.Reset_Handler
                0x0800366c       0x50 build/startup_stm32f407xx.o
                0x0800366c                Reset_Handler
 .text.Default_Handler
                0x080036bc        0x2 build/startup_stm32f407xx.o
                0x080036bc                RTC_Alarm_IRQHandler
                0x080036bc                HASH_RNG_IRQHandler
                0x080036bc                EXTI2_IRQHandler
                0x080036bc                TIM8_CC_IRQHandler
                0x080036bc                TIM1_CC_IRQHandler
                0x080036bc                DMA2_Stream5_IRQHandler
                0x080036bc                DMA1_Stream5_IRQHandler
                0x080036bc                PVD_IRQHandler
                0x080036bc                SDIO_IRQHandler
                0x080036bc                TAMP_STAMP_IRQHandler
                0x080036bc                CAN2_RX1_IRQHandler
                0x080036bc                EXTI3_IRQHandler
                0x080036bc                TIM8_TRG_COM_TIM14_IRQHandler
                0x080036bc                TIM1_UP_TIM10_IRQHandler
                0x080036bc                TIM8_UP_TIM13_IRQHandler
                0x080036bc                I2C3_ER_IRQHandler
                0x080036bc                EXTI0_IRQHandler
                0x080036bc                I2C2_EV_IRQHandler
                0x080036bc                DMA1_Stream2_IRQHandler
                0x080036bc                CAN1_RX0_IRQHandler
                0x080036bc                FPU_IRQHandler
                0x080036bc                OTG_HS_WKUP_IRQHandler
                0x080036bc                CAN2_SCE_IRQHandler
                0x080036bc                DMA2_Stream2_IRQHandler
                0x080036bc                TIM6_DAC_IRQHandler
                0x080036bc                TIM1_BRK_TIM9_IRQHandler
                0x080036bc                DCMI_IRQHandler
                0x080036bc                CAN2_RX0_IRQHandler
                0x080036bc                DMA2_Stream3_IRQHandler
                0x080036bc                USART6_IRQHandler
                0x080036bc                USART3_IRQHandler
                0x080036bc                CAN1_RX1_IRQHandler
                0x080036bc                UART5_IRQHandler
                0x080036bc                DMA2_Stream0_IRQHandler
                0x080036bc                TIM4_IRQHandler
                0x080036bc                I2C1_EV_IRQHandler
                0x080036bc                DMA1_Stream6_IRQHandler
                0x080036bc                DMA1_Stream1_IRQHandler
                0x080036bc                UART4_IRQHandler
                0x080036bc                TIM3_IRQHandler
                0x080036bc                RCC_IRQHandler
                0x080036bc                TIM8_BRK_TIM12_IRQHandler
                0x080036bc                Default_Handler
                0x080036bc                EXTI15_10_IRQHandler
                0x080036bc                ADC_IRQHandler
                0x080036bc                DMA1_Stream7_IRQHandler
                0x080036bc                TIM7_IRQHandler
                0x080036bc                CAN2_TX_IRQHandler
                0x080036bc                TIM5_IRQHandler
                0x080036bc                DMA2_Stream7_IRQHandler
                0x080036bc                I2C3_EV_IRQHandler
                0x080036bc                EXTI9_5_IRQHandler
                0x080036bc                RTC_WKUP_IRQHandler
                0x080036bc                ETH_WKUP_IRQHandler
                0x080036bc                SPI2_IRQHandler
                0x080036bc                OTG_HS_EP1_IN_IRQHandler
                0x080036bc                DMA1_Stream0_IRQHandler
                0x080036bc                CAN1_TX_IRQHandler
                0x080036bc                EXTI4_IRQHandler
                0x080036bc                FSMC_IRQHandler
                0x080036bc                ETH_IRQHandler
                0x080036bc                OTG_HS_EP1_OUT_IRQHandler
                0x080036bc                WWDG_IRQHandler
                0x080036bc                TIM2_IRQHandler
                0x080036bc                OTG_FS_WKUP_IRQHandler
                0x080036bc                TIM1_TRG_COM_TIM11_IRQHandler
                0x080036bc                OTG_HS_IRQHandler
                0x080036bc                EXTI1_IRQHandler
                0x080036bc                USART2_IRQHandler
                0x080036bc                I2C2_ER_IRQHandler
                0x080036bc                DMA2_Stream1_IRQHandler
                0x080036bc                CAN1_SCE_IRQHandler
                0x080036bc                FLASH_IRQHandler
                0x080036bc                DMA2_Stream4_IRQHandler
                0x080036bc                OTG_FS_IRQHandler
                0x080036bc                SPI3_IRQHandler
                0x080036bc                DMA1_Stream4_IRQHandler
                0x080036bc                I2C1_ER_IRQHandler
                0x080036bc                DMA2_Stream6_IRQHandler
                0x080036bc                DMA1_Stream3_IRQHandler
 *fill*         0x080036be        0x2 
 .text.__libc_init_array
                0x080036c0       0x48 c:/program files (x86)/gnu arm embedded toolchain/10 2021.10/bin/../lib/gcc/arm-none-eabi/10.3.1/../../../../arm-none-eabi/lib/thumb/v7e-m+fp/hard\libc_nano.a(lib_a-init.o)
                0x080036c0                __libc_init_array
 .text.memcpy   0x08003708       0x1c c:/program files (x86)/gnu arm embedded toolchain/10 2021.10/bin/../lib/gcc/arm-none-eabi/10.3.1/../../../../arm-none-eabi/lib/thumb/v7e-m+fp/hard\libc_nano.a(lib_a-memcpy-stub.o)
                0x08003708                memcpy
 .text.memset   0x08003724       0x10 c:/program files (x86)/gnu arm embedded toolchain/10 2021.10/bin/../lib/gcc/arm-none-eabi/10.3.1/../../../../arm-none-eabi/lib/thumb/v7e-m+fp/hard\libc_nano.a(lib_a-memset.o)
                0x08003724                memset
 *(.glue_7)
 .glue_7        0x08003734        0x0 linker stubs
 *(.glue_7t)
 .glue_7t       0x08003734        0x0 linker stubs
 *(.eh_frame)
 .eh_frame      0x08003734        0x0 c:/program files (x86)/gnu arm embedded toolchain/10 2021.10/bin/../lib/gcc/arm-none-eabi/10.3.1/thumb/v7e-m+fp/hard/crtbegin.o
 *(.init)
 .init          0x08003734        0x4 c:/program files (x86)/gnu arm embedded toolchain/10 2021.10/bin/../lib/gcc/arm-none-eabi/10.3.1/thumb/v7e-m+fp/hard/crti.o
                0x08003734                _init
 .init          0x08003738        0x8 c:/program files (x86)/gnu arm embedded toolchain/10 2021.10/bin/../lib/gcc/arm-none-eabi/10.3.1/thumb/v7e-m+fp/hard/crtn.o
 *(.fini)
 .fini          0x08003740        0x4 c:/program files (x86)/gnu arm embedded toolchain/10 2021.10/bin/../lib/gcc/arm-none-eabi/10.3.1/thumb/v7e-m+fp/hard/crti.o
                0x08003740                _fini
 .fini          0x08003744        0x8 c:/program files (x86)/gnu arm embedded toolchain/10 2021.10/bin/../lib/gcc/arm-none-eabi/10.3.1/thumb/v7e-m+fp/hard/crtn.o
                0x0800374c                . = ALIGN (0x4)
                0x0800374c                _etext = .

.vfp11_veneer   0x0800374c        0x0
 .vfp11_veneer  0x0800374c        0x0 linker stubs

.v4_bx          0x0800374c        0x0
 .v4_bx         0x0800374c        0x0 linker stubs

.iplt           0x0800374c        0x0
 .iplt          0x0800374c        0x0 c:/program files (x86)/gnu arm embedded toolchain/10 2021.10/bin/../lib/gcc/arm-none-eabi/10.3.1/thumb/v7e-m+fp/hard/crtbegin.o

.rodata         0x0800374c       0x58
                0x0800374c                . = ALIGN (0x4)
 *(.rodata)
 *(.rodata*)
 .rodata.str1.4
                0x0800374c        0x4 build/freertos.o
 .rodata.Led_attributes
                0x08003750       0x24 build/freertos.o
                0x08003750                Led_attributes
 .rodata.AHBPrescTable
                0x08003774       0x10 build/system_stm32f4xx.o
                0x08003774                AHBPrescTable
 .rodata.APBPrescTable
                0x08003784        0x8 build/system_stm32f4xx.o
                0x08003784                APBPrescTable
 .rodata.vTaskStartScheduler.str1.4
                0x0800378c        0x5 build/tasks.o
 *fill*         0x08003791        0x3 
 .rodata.prvCheckForValidListAndQueue.str1.4
                0x08003794        0x5 build/timers.o
 *fill*         0x08003799        0x3 
 .rodata.xTimerCreateTimerTask.str1.4
                0x0800379c        0x8 build/timers.o
                0x080037a4                . = ALIGN (0x4)

.ARM.extab
 *(.ARM.extab* .gnu.linkonce.armextab.*)

.ARM            0x080037a4        0x8
                0x080037a4                __exidx_start = .
 *(.ARM.exidx*)
 .ARM.exidx     0x080037a4        0x8 c:/program files (x86)/gnu arm embedded toolchain/10 2021.10/bin/../lib/gcc/arm-none-eabi/10.3.1/thumb/v7e-m+fp/hard\libgcc.a(_udivmoddi4.o)
                0x080037ac                __exidx_end = .

.rel.dyn        0x080037ac        0x0
 .rel.iplt      0x080037ac        0x0 c:/program files (x86)/gnu arm embedded toolchain/10 2021.10/bin/../lib/gcc/arm-none-eabi/10.3.1/thumb/v7e-m+fp/hard/crtbegin.o

.preinit_array  0x080037ac        0x0
                0x080037ac                PROVIDE (__preinit_array_start = .)
 *(.preinit_array*)
                0x080037ac                PROVIDE (__preinit_array_end = .)

.init_array     0x080037ac        0x4
                0x080037ac                PROVIDE (__init_array_start = .)
 *(SORT_BY_NAME(.init_array.*))
 *(.init_array*)
 .init_array    0x080037ac        0x4 c:/program files (x86)/gnu arm embedded toolchain/10 2021.10/bin/../lib/gcc/arm-none-eabi/10.3.1/thumb/v7e-m+fp/hard/crtbegin.o
                0x080037b0                PROVIDE (__init_array_end = .)

.fini_array     0x080037b0        0x4
                [!provide]                PROVIDE (__fini_array_start = .)
 *(SORT_BY_NAME(.fini_array.*))
 *(.fini_array*)
 .fini_array    0x080037b0        0x4 c:/program files (x86)/gnu arm embedded toolchain/10 2021.10/bin/../lib/gcc/arm-none-eabi/10.3.1/thumb/v7e-m+fp/hard/crtbegin.o
                [!provide]                PROVIDE (__fini_array_end = .)
                0x080037b4                _sidata = LOADADDR (.data)

.data           0x20000000       0x10 load address 0x080037b4
                0x20000000                . = ALIGN (0x4)
                0x20000000                _sdata = .
 *(.data)
 *(.data*)
 .data.uwTickFreq
                0x20000000        0x1 build/stm32f4xx_hal.o
                0x20000000                uwTickFreq
 *fill*         0x20000001        0x3 
 .data.uwTickPrio
                0x20000004        0x4 build/stm32f4xx_hal.o
                0x20000004                uwTickPrio
 .data.SystemCoreClock
                0x20000008        0x4 build/system_stm32f4xx.o
                0x20000008                SystemCoreClock
 .data.uxCriticalNesting
                0x2000000c        0x4 build/port.o
                0x20000010                . = ALIGN (0x4)
                0x20000010                _edata = .
                0x080037c4                _siccmram = LOADADDR (.ccmram)

.igot.plt       0x20000010        0x0 load address 0x080037c4
 .igot.plt      0x20000010        0x0 c:/program files (x86)/gnu arm embedded toolchain/10 2021.10/bin/../lib/gcc/arm-none-eabi/10.3.1/thumb/v7e-m+fp/hard/crtbegin.o

.ccmram         0x10000000        0x0 load address 0x080037c4
                0x10000000                . = ALIGN (0x4)
                0x10000000                _sccmram = .
 *(.ccmram)
 *(.ccmram*)
                0x10000000                . = ALIGN (0x4)
                0x10000000                _eccmram = .
                0x10000000                . = ALIGN (0x4)

.bss            0x20000010     0x4c80
                0x20000010                _sbss = .
                0x20000010                __bss_start__ = _sbss
 *(.bss)
 .bss           0x20000010       0x1c c:/program files (x86)/gnu arm embedded toolchain/10 2021.10/bin/../lib/gcc/arm-none-eabi/10.3.1/thumb/v7e-m+fp/hard/crtbegin.o
 *(.bss*)
 .bss.LedHandle
                0x2000002c        0x4 build/freertos.o
                0x2000002c                LedHandle
 .bss.Task_LedBuffer
                0x20000030      0x200 build/freertos.o
                0x20000030                Task_LedBuffer
 .bss.Task_LedControlBlock
                0x20000230       0x60 build/freertos.o
                0x20000230                Task_LedControlBlock
 .bss.hspi1     0x20000290       0x58 build/spi.o
                0x20000290                hspi1
 .bss.husart1   0x200002e8       0x44 build/usart.o
                0x200002e8                husart1
 .bss.uwTick    0x2000032c        0x4 build/stm32f4xx_hal.o
                0x2000032c                uwTick
 .bss.xQueueRegistry
                0x20000330       0x40 build/queue.o
                0x20000330                xQueueRegistry
 .bss.pxCurrentTCB
                0x20000370        0x4 build/tasks.o
                0x20000370                pxCurrentTCB
 .bss.pxDelayedTaskList
                0x20000374        0x4 build/tasks.o
 .bss.pxOverflowDelayedTaskList
                0x20000378        0x4 build/tasks.o
 .bss.pxReadyTasksLists
                0x2000037c      0x460 build/tasks.o
 .bss.ulTaskSwitchedInTime
                0x200007dc        0x4 build/tasks.o
 .bss.ulTotalRunTime
                0x200007e0        0x4 build/tasks.o
 .bss.uxCurrentNumberOfTasks
                0x200007e4        0x4 build/tasks.o
 .bss.uxDeletedTasksWaitingCleanUp
                0x200007e8        0x4 build/tasks.o
 .bss.uxSchedulerSuspended
                0x200007ec        0x4 build/tasks.o
 .bss.uxTaskNumber
                0x200007f0        0x4 build/tasks.o
 .bss.uxTopReadyPriority
                0x200007f4        0x4 build/tasks.o
 .bss.xDelayedTaskList1
                0x200007f8       0x14 build/tasks.o
 .bss.xDelayedTaskList2
                0x2000080c       0x14 build/tasks.o
 .bss.xIdleTaskHandle
                0x20000820        0x4 build/tasks.o
 .bss.xNextTaskUnblockTime
                0x20000824        0x4 build/tasks.o
 .bss.xNumOfOverflows
                0x20000828        0x4 build/tasks.o
 .bss.xPendedTicks
                0x2000082c        0x4 build/tasks.o
 .bss.xPendingReadyList
                0x20000830       0x14 build/tasks.o
 .bss.xSchedulerRunning
                0x20000844        0x4 build/tasks.o
 .bss.xSuspendedTaskList
                0x20000848       0x14 build/tasks.o
 .bss.xTasksWaitingTermination
                0x2000085c       0x14 build/tasks.o
 .bss.xTickCount
                0x20000870        0x4 build/tasks.o
 .bss.xYieldPending
                0x20000874        0x4 build/tasks.o
 .bss.pxCurrentTimerList
                0x20000878        0x4 build/timers.o
 .bss.pxOverflowTimerList
                0x2000087c        0x4 build/timers.o
 .bss.ucStaticTimerQueueStorage.1
                0x20000880       0xa0 build/timers.o
 .bss.xActiveTimerList1
                0x20000920       0x14 build/timers.o
 .bss.xActiveTimerList2
                0x20000934       0x14 build/timers.o
 .bss.xLastTime.2
                0x20000948        0x4 build/timers.o
 .bss.xStaticTimerQueue.0
                0x2000094c       0x50 build/timers.o
 .bss.xTimerQueue
                0x2000099c        0x4 build/timers.o
 .bss.xTimerTaskHandle
                0x200009a0        0x4 build/timers.o
 .bss.Idle_Stack.2
                0x200009a4      0x200 build/cmsis_os2.o
 .bss.Idle_TCB.3
                0x20000ba4       0x60 build/cmsis_os2.o
 .bss.KernelState
                0x20000c04        0x4 build/cmsis_os2.o
 .bss.Timer_Stack.0
                0x20000c08      0x400 build/cmsis_os2.o
 .bss.Timer_TCB.1
                0x20001008       0x60 build/cmsis_os2.o
 .bss.pxEnd     0x20001068        0x4 build/heap_4.o
 .bss.ucHeap    0x2000106c     0x3c00 build/heap_4.o
 .bss.xBlockAllocatedBit
                0x20004c6c        0x4 build/heap_4.o
 .bss.xFreeBytesRemaining
                0x20004c70        0x4 build/heap_4.o
 .bss.xMinimumEverFreeBytesRemaining
                0x20004c74        0x4 build/heap_4.o
 .bss.xNumberOfSuccessfulAllocations
                0x20004c78        0x4 build/heap_4.o
 .bss.xNumberOfSuccessfulFrees
                0x20004c7c        0x4 build/heap_4.o
 .bss.xStart    0x20004c80        0x8 build/heap_4.o
 .bss.ucMaxSysCallPriority
                0x20004c88        0x1 build/port.o
 *fill*         0x20004c89        0x3 
 .bss.ulMaxPRIGROUPValue
                0x20004c8c        0x4 build/port.o
 *(COMMON)
                0x20004c90                . = ALIGN (0x4)
                0x20004c90                _ebss = .
                0x20004c90                __bss_end__ = _ebss

._user_heap_stack
                0x20004c90      0x600
                0x20004c90                . = ALIGN (0x8)
                0x20004c90                PROVIDE (end = .)
                [!provide]                PROVIDE (_end = .)
                0x20004e90                . = (. + _Min_Heap_Size)
 *fill*         0x20004c90      0x200 
                0x20005290                . = (. + _Min_Stack_Size)
 *fill*         0x20004e90      0x400 
                0x20005290                . = ALIGN (0x8)

/DISCARD/
 libc.a(*)
 libm.a(*)
 libgcc.a(*)

.ARM.attributes
                0x00000000       0x30
 *(.ARM.attributes)
 .ARM.attributes
                0x00000000       0x1e c:/program files (x86)/gnu arm embedded toolchain/10 2021.10/bin/../lib/gcc/arm-none-eabi/10.3.1/thumb/v7e-m+fp/hard/crti.o
 .ARM.attributes
                0x0000001e       0x34 c:/program files (x86)/gnu arm embedded toolchain/10 2021.10/bin/../lib/gcc/arm-none-eabi/10.3.1/thumb/v7e-m+fp/hard/crtbegin.o
 .ARM.attributes
                0x00000052       0x34 build/main.o
 .ARM.attributes
                0x00000086       0x34 build/gpio.o
 .ARM.attributes
                0x000000ba       0x34 build/freertos.o
 .ARM.attributes
                0x000000ee       0x34 build/spi.o
 .ARM.attributes
                0x00000122       0x34 build/usart.o
 .ARM.attributes
                0x00000156       0x34 build/stm32f4xx_it.o
 .ARM.attributes
                0x0000018a       0x34 build/stm32f4xx_hal_msp.o
 .ARM.attributes
                0x000001be       0x34 build/stm32f4xx_hal_rcc.o
 .ARM.attributes
                0x000001f2       0x34 build/stm32f4xx_hal_gpio.o
 .ARM.attributes
                0x00000226       0x34 build/stm32f4xx_hal_dma.o
 .ARM.attributes
                0x0000025a       0x34 build/stm32f4xx_hal_cortex.o
 .ARM.attributes
                0x0000028e       0x34 build/stm32f4xx_hal.o
 .ARM.attributes
                0x000002c2       0x34 build/stm32f4xx_hal_spi.o
 .ARM.attributes
                0x000002f6       0x34 build/stm32f4xx_hal_usart.o
 .ARM.attributes
                0x0000032a       0x34 build/system_stm32f4xx.o
 .ARM.attributes
                0x0000035e       0x34 build/list.o
 .ARM.attributes
                0x00000392       0x34 build/queue.o
 .ARM.attributes
                0x000003c6       0x34 build/tasks.o
 .ARM.attributes
                0x000003fa       0x34 build/timers.o
 .ARM.attributes
                0x0000042e       0x34 build/cmsis_os2.o
 .ARM.attributes
                0x00000462       0x34 build/heap_4.o
 .ARM.attributes
                0x00000496       0x34 build/port.o
 .ARM.attributes
                0x000004ca       0x21 build/startup_stm32f407xx.o
 .ARM.attributes
                0x000004eb       0x34 c:/program files (x86)/gnu arm embedded toolchain/10 2021.10/bin/../lib/gcc/arm-none-eabi/10.3.1/../../../../arm-none-eabi/lib/thumb/v7e-m+fp/hard\libc_nano.a(lib_a-init.o)
 .ARM.attributes
                0x0000051f       0x34 c:/program files (x86)/gnu arm embedded toolchain/10 2021.10/bin/../lib/gcc/arm-none-eabi/10.3.1/../../../../arm-none-eabi/lib/thumb/v7e-m+fp/hard\libc_nano.a(lib_a-memcpy-stub.o)
 .ARM.attributes
                0x00000553       0x34 c:/program files (x86)/gnu arm embedded toolchain/10 2021.10/bin/../lib/gcc/arm-none-eabi/10.3.1/../../../../arm-none-eabi/lib/thumb/v7e-m+fp/hard\libc_nano.a(lib_a-memset.o)
 .ARM.attributes
                0x00000587       0x1e c:/program files (x86)/gnu arm embedded toolchain/10 2021.10/bin/../lib/gcc/arm-none-eabi/10.3.1/thumb/v7e-m+fp/hard\libgcc.a(_aeabi_uldivmod.o)
 .ARM.attributes
                0x000005a5       0x34 c:/program files (x86)/gnu arm embedded toolchain/10 2021.10/bin/../lib/gcc/arm-none-eabi/10.3.1/thumb/v7e-m+fp/hard\libgcc.a(_udivmoddi4.o)
 .ARM.attributes
                0x000005d9       0x1e c:/program files (x86)/gnu arm embedded toolchain/10 2021.10/bin/../lib/gcc/arm-none-eabi/10.3.1/thumb/v7e-m+fp/hard\libgcc.a(_dvmd_tls.o)
 .ARM.attributes
                0x000005f7       0x1e c:/program files (x86)/gnu arm embedded toolchain/10 2021.10/bin/../lib/gcc/arm-none-eabi/10.3.1/thumb/v7e-m+fp/hard/crtn.o
OUTPUT(build/BringUp.elf elf32-littlearm)
LOAD linker stubs
LOAD c:/program files (x86)/gnu arm embedded toolchain/10 2021.10/bin/../lib/gcc/arm-none-eabi/10.3.1/../../../../arm-none-eabi/lib/thumb/v7e-m+fp/hard\libc.a
LOAD c:/program files (x86)/gnu arm embedded toolchain/10 2021.10/bin/../lib/gcc/arm-none-eabi/10.3.1/../../../../arm-none-eabi/lib/thumb/v7e-m+fp/hard\libm.a
LOAD c:/program files (x86)/gnu arm embedded toolchain/10 2021.10/bin/../lib/gcc/arm-none-eabi/10.3.1/thumb/v7e-m+fp/hard\libgcc.a

.debug_info     0x00000000    0x193e8
 .debug_info    0x00000000      0x671 build/main.o
 .debug_info    0x00000671      0x4f8 build/gpio.o
 .debug_info    0x00000b69      0x6d3 build/freertos.o
 .debug_info    0x0000123c      0xdb1 build/spi.o
 .debug_info    0x00001fed      0xd39 build/usart.o
 .debug_info    0x00002d26      0xa26 build/stm32f4xx_it.o
 .debug_info    0x0000374c      0x541 build/stm32f4xx_hal_msp.o
 .debug_info    0x00003c8d      0xbe6 build/stm32f4xx_hal_rcc.o
 .debug_info    0x00004873      0x848 build/stm32f4xx_hal_gpio.o
 .debug_info    0x000050bb      0xbd1 build/stm32f4xx_hal_dma.o
 .debug_info    0x00005c8c     0x1174 build/stm32f4xx_hal_cortex.o
 .debug_info    0x00006e00      0xacf build/stm32f4xx_hal.o
 .debug_info    0x000078cf     0x2015 build/stm32f4xx_hal_spi.o
 .debug_info    0x000098e4     0x191c build/stm32f4xx_hal_usart.o
 .debug_info    0x0000b200      0x5b3 build/system_stm32f4xx.o
 .debug_info    0x0000b7b3      0x30f build/list.o
 .debug_info    0x0000bac2     0x2968 build/queue.o
 .debug_info    0x0000e42a     0x395a build/tasks.o
 .debug_info    0x00011d84     0x1be3 build/timers.o
 .debug_info    0x00013967     0x4e7d build/cmsis_os2.o
 .debug_info    0x000187e4      0x61a build/heap_4.o
 .debug_info    0x00018dfe      0x5c8 build/port.o
 .debug_info    0x000193c6       0x22 build/startup_stm32f407xx.o

.debug_abbrev   0x00000000     0x35b6
 .debug_abbrev  0x00000000      0x1d8 build/main.o
 .debug_abbrev  0x000001d8      0x151 build/gpio.o
 .debug_abbrev  0x00000329      0x205 build/freertos.o
 .debug_abbrev  0x0000052e      0x1e0 build/spi.o
 .debug_abbrev  0x0000070e      0x1e7 build/usart.o
 .debug_abbrev  0x000008f5      0x183 build/stm32f4xx_it.o
 .debug_abbrev  0x00000a78      0x11c build/stm32f4xx_hal_msp.o
 .debug_abbrev  0x00000b94      0x2aa build/stm32f4xx_hal_rcc.o
 .debug_abbrev  0x00000e3e      0x22b build/stm32f4xx_hal_gpio.o
 .debug_abbrev  0x00001069      0x2ff build/stm32f4xx_hal_dma.o
 .debug_abbrev  0x00001368      0x382 build/stm32f4xx_hal_cortex.o
 .debug_abbrev  0x000016ea      0x209 build/stm32f4xx_hal.o
 .debug_abbrev  0x000018f3      0x2a6 build/stm32f4xx_hal_spi.o
 .debug_abbrev  0x00001b99      0x2ad build/stm32f4xx_hal_usart.o
 .debug_abbrev  0x00001e46      0x11b build/system_stm32f4xx.o
 .debug_abbrev  0x00001f61      0x124 build/list.o
 .debug_abbrev  0x00002085      0x3c4 build/queue.o
 .debug_abbrev  0x00002449      0x3ab build/tasks.o
 .debug_abbrev  0x000027f4      0x366 build/timers.o
 .debug_abbrev  0x00002b5a      0x557 build/cmsis_os2.o
 .debug_abbrev  0x000030b1      0x269 build/heap_4.o
 .debug_abbrev  0x0000331a      0x28a build/port.o
 .debug_abbrev  0x000035a4       0x12 build/startup_stm32f407xx.o

.debug_loc      0x00000000    0x136b8
 .debug_loc     0x00000000       0x66 build/main.o
 .debug_loc     0x00000066       0x38 build/gpio.o
 .debug_loc     0x0000009e       0x65 build/freertos.o
 .debug_loc     0x00000103      0x108 build/spi.o
 .debug_loc     0x0000020b      0x108 build/usart.o
 .debug_loc     0x00000313       0x60 build/stm32f4xx_it.o
 .debug_loc     0x00000373       0x38 build/stm32f4xx_hal_msp.o
 .debug_loc     0x000003ab      0x6e4 build/stm32f4xx_hal_rcc.o
 .debug_loc     0x00000a8f      0x5e8 build/stm32f4xx_hal_gpio.o
 .debug_loc     0x00001077      0xd6d build/stm32f4xx_hal_dma.o
 .debug_loc     0x00001de4      0x7a4 build/stm32f4xx_hal_cortex.o
 .debug_loc     0x00002588      0x1e1 build/stm32f4xx_hal.o
 .debug_loc     0x00002769     0x2501 build/stm32f4xx_hal_spi.o
 .debug_loc     0x00004c6a     0x1b48 build/stm32f4xx_hal_usart.o
 .debug_loc     0x000067b2      0x158 build/system_stm32f4xx.o
 .debug_loc     0x0000690a       0xe5 build/list.o
 .debug_loc     0x000069ef     0x1fe4 build/queue.o
 .debug_loc     0x000089d3     0x331f build/tasks.o
 .debug_loc     0x0000bcf2     0x1586 build/timers.o
 .debug_loc     0x0000d278     0x5d9c build/cmsis_os2.o
 .debug_loc     0x00013014      0x4e4 build/heap_4.o
 .debug_loc     0x000134f8      0x1c0 build/port.o

.debug_aranges  0x00000000     0x1050
 .debug_aranges
                0x00000000       0x30 build/main.o
 .debug_aranges
                0x00000030       0x20 build/gpio.o
 .debug_aranges
                0x00000050       0x48 build/freertos.o
 .debug_aranges
                0x00000098       0x30 build/spi.o
 .debug_aranges
                0x000000c8       0x30 build/usart.o
 .debug_aranges
                0x000000f8       0x60 build/stm32f4xx_it.o
 .debug_aranges
                0x00000158       0x20 build/stm32f4xx_hal_msp.o
 .debug_aranges
                0x00000178       0x88 build/stm32f4xx_hal_rcc.o
 .debug_aranges
                0x00000200       0x58 build/stm32f4xx_hal_gpio.o
 .debug_aranges
                0x00000258       0x90 build/stm32f4xx_hal_dma.o
 .debug_aranges
                0x000002e8       0xa8 build/stm32f4xx_hal_cortex.o
 .debug_aranges
                0x00000390       0xf0 build/stm32f4xx_hal.o
 .debug_aranges
                0x00000480      0x1d0 build/stm32f4xx_hal_spi.o
 .debug_aranges
                0x00000650      0x178 build/stm32f4xx_hal_usart.o
 .debug_aranges
                0x000007c8       0x28 build/system_stm32f4xx.o
 .debug_aranges
                0x000007f0       0x40 build/list.o
 .debug_aranges
                0x00000830      0x158 build/queue.o
 .debug_aranges
                0x00000988      0x230 build/tasks.o
 .debug_aranges
                0x00000bb8       0xf0 build/timers.o
 .debug_aranges
                0x00000ca8      0x2a8 build/cmsis_os2.o
 .debug_aranges
                0x00000f50       0x58 build/heap_4.o
 .debug_aranges
                0x00000fa8       0x80 build/port.o
 .debug_aranges
                0x00001028       0x28 build/startup_stm32f407xx.o

.debug_ranges   0x00000000     0x11f0
 .debug_ranges  0x00000000       0x20 build/main.o
 .debug_ranges  0x00000020       0x10 build/gpio.o
 .debug_ranges  0x00000030       0x38 build/freertos.o
 .debug_ranges  0x00000068       0x20 build/spi.o
 .debug_ranges  0x00000088       0x20 build/usart.o
 .debug_ranges  0x000000a8       0x50 build/stm32f4xx_it.o
 .debug_ranges  0x000000f8       0x10 build/stm32f4xx_hal_msp.o
 .debug_ranges  0x00000108       0x90 build/stm32f4xx_hal_rcc.o
 .debug_ranges  0x00000198       0x48 build/stm32f4xx_hal_gpio.o
 .debug_ranges  0x000001e0       0x80 build/stm32f4xx_hal_dma.o
 .debug_ranges  0x00000260       0xf8 build/stm32f4xx_hal_cortex.o
 .debug_ranges  0x00000358       0xe0 build/stm32f4xx_hal.o
 .debug_ranges  0x00000438      0x1c0 build/stm32f4xx_hal_spi.o
 .debug_ranges  0x000005f8      0x168 build/stm32f4xx_hal_usart.o
 .debug_ranges  0x00000760       0x18 build/system_stm32f4xx.o
 .debug_ranges  0x00000778       0x30 build/list.o
 .debug_ranges  0x000007a8      0x218 build/queue.o
 .debug_ranges  0x000009c0      0x3b0 build/tasks.o
 .debug_ranges  0x00000d70       0xe0 build/timers.o
 .debug_ranges  0x00000e50      0x2b0 build/cmsis_os2.o
 .debug_ranges  0x00001100       0x48 build/heap_4.o
 .debug_ranges  0x00001148       0x88 build/port.o
 .debug_ranges  0x000011d0       0x20 build/startup_stm32f407xx.o

.debug_line     0x00000000    0x12400
 .debug_line    0x00000000      0x351 build/main.o
 .debug_line    0x00000351      0x207 build/gpio.o
 .debug_line    0x00000558      0x2f7 build/freertos.o
 .debug_line    0x0000084f      0x315 build/spi.o
 .debug_line    0x00000b64      0x303 build/usart.o
 .debug_line    0x00000e67      0x3a6 build/stm32f4xx_it.o
 .debug_line    0x0000120d      0x1ab build/stm32f4xx_hal_msp.o
 .debug_line    0x000013b8      0xb23 build/stm32f4xx_hal_rcc.o
 .debug_line    0x00001edb      0x6f5 build/stm32f4xx_hal_gpio.o
 .debug_line    0x000025d0      0xe39 build/stm32f4xx_hal_dma.o
 .debug_line    0x00003409      0x78c build/stm32f4xx_hal_cortex.o
 .debug_line    0x00003b95      0x579 build/stm32f4xx_hal.o
 .debug_line    0x0000410e     0x24fd build/stm32f4xx_hal_spi.o
 .debug_line    0x0000660b     0x1c97 build/stm32f4xx_hal_usart.o
 .debug_line    0x000082a2      0x264 build/system_stm32f4xx.o
 .debug_line    0x00008506      0x36d build/list.o
 .debug_line    0x00008873     0x2068 build/queue.o
 .debug_line    0x0000a8db     0x32d3 build/tasks.o
 .debug_line    0x0000dbae      0xf3e build/timers.o
 .debug_line    0x0000eaec     0x2a30 build/cmsis_os2.o
 .debug_line    0x0001151c      0x750 build/heap_4.o
 .debug_line    0x00011c6c      0x71e build/port.o
 .debug_line    0x0001238a       0x76 build/startup_stm32f407xx.o

.debug_str      0x00000000     0x5d5c
 .debug_str     0x00000000      0x45f build/main.o
                                0x4b5 (size before relaxing)
 .debug_str     0x0000045f       0xbf build/gpio.o
                                0x352 (size before relaxing)
 .debug_str     0x0000051e      0x65d build/freertos.o
                                0x84e (size before relaxing)
 .debug_str     0x00000b7b      0x95a build/spi.o
                                0xd05 (size before relaxing)
 .debug_str     0x000014d5      0x195 build/usart.o
                                0xced (size before relaxing)
 .debug_str     0x0000166a      0x10e build/stm32f4xx_it.o
                                0x83e (size before relaxing)
 .debug_str     0x00001778       0x29 build/stm32f4xx_hal_msp.o
                                0x7a4 (size before relaxing)
 .debug_str     0x000017a1      0x246 build/stm32f4xx_hal_rcc.o
                                0x6ec (size before relaxing)
 .debug_str     0x000019e7      0x112 build/stm32f4xx_hal_gpio.o
                                0x4c6 (size before relaxing)
 .debug_str     0x00001af9      0x308 build/stm32f4xx_hal_dma.o
                                0x75c (size before relaxing)
 .debug_str     0x00001e01      0x4c5 build/stm32f4xx_hal_cortex.o
                                0xc12 (size before relaxing)
 .debug_str     0x000022c6      0x29f build/stm32f4xx_hal.o
                                0xb40 (size before relaxing)
 .debug_str     0x00002565      0x51d build/stm32f4xx_hal_spi.o
                                0xbe0 (size before relaxing)
 .debug_str     0x00002a82      0x423 build/stm32f4xx_hal_usart.o
                                0xb63 (size before relaxing)
 .debug_str     0x00002ea5       0x47 build/system_stm32f4xx.o
                                0x35b (size before relaxing)
 .debug_str     0x00002eec      0x136 build/list.o
                                0x2e8 (size before relaxing)
 .debug_str     0x00003022      0x9e1 build/queue.o
                                0xcfe (size before relaxing)
 .debug_str     0x00003a03      0xcfe build/tasks.o
                               0x145e (size before relaxing)
 .debug_str     0x00004701      0x5d8 build/timers.o
                                0xc38 (size before relaxing)
 .debug_str     0x00004cd9      0xc23 build/cmsis_os2.o
                               0x216b (size before relaxing)
 .debug_str     0x000058fc      0x2bf build/heap_4.o
                                0x4f6 (size before relaxing)
 .debug_str     0x00005bbb      0x17d build/port.o
                                0x468 (size before relaxing)
 .debug_str     0x00005d38       0x24 build/startup_stm32f407xx.o
                                 0x50 (size before relaxing)

.comment        0x00000000       0x49
 .comment       0x00000000       0x49 build/main.o
                                 0x4a (size before relaxing)
 .comment       0x00000049       0x4a build/gpio.o
 .comment       0x00000049       0x4a build/freertos.o
 .comment       0x00000049       0x4a build/spi.o
 .comment       0x00000049       0x4a build/usart.o
 .comment       0x00000049       0x4a build/stm32f4xx_it.o
 .comment       0x00000049       0x4a build/stm32f4xx_hal_msp.o
 .comment       0x00000049       0x4a build/stm32f4xx_hal_rcc.o
 .comment       0x00000049       0x4a build/stm32f4xx_hal_gpio.o
 .comment       0x00000049       0x4a build/stm32f4xx_hal_dma.o
 .comment       0x00000049       0x4a build/stm32f4xx_hal_cortex.o
 .comment       0x00000049       0x4a build/stm32f4xx_hal.o
 .comment       0x00000049       0x4a build/stm32f4xx_hal_spi.o
 .comment       0x00000049       0x4a build/stm32f4xx_hal_usart.o
 .comment       0x00000049       0x4a build/system_stm32f4xx.o
 .comment       0x00000049       0x4a build/list.o
 .comment       0x00000049       0x4a build/queue.o
 .comment       0x00000049       0x4a build/tasks.o
 .comment       0x00000049       0x4a build/timers.o
 .comment       0x00000049       0x4a build/cmsis_os2.o
 .comment       0x00000049       0x4a build/heap_4.o
 .comment       0x00000049       0x4a build/port.o

.debug_frame    0x00000000     0x2e7c
 .debug_frame   0x00000000       0x58 build/main.o
 .debug_frame   0x00000058       0x38 build/gpio.o
 .debug_frame   0x00000090       0x80 build/freertos.o
 .debug_frame   0x00000110       0x64 build/spi.o
 .debug_frame   0x00000174       0x60 build/usart.o
 .debug_frame   0x000001d4       0xb8 build/stm32f4xx_it.o
 .debug_frame   0x0000028c       0x2c build/stm32f4xx_hal_msp.o
 .debug_frame   0x000002b8      0x16c build/stm32f4xx_hal_rcc.o
 .debug_frame   0x00000424       0xd8 build/stm32f4xx_hal_gpio.o
 .debug_frame   0x000004fc      0x188 build/stm32f4xx_hal_dma.o
 .debug_frame   0x00000684      0x148 build/stm32f4xx_hal_cortex.o
 .debug_frame   0x000007cc      0x1ec build/stm32f4xx_hal.o
 .debug_frame   0x000009b8      0x5a4 build/stm32f4xx_hal_spi.o
 .debug_frame   0x00000f5c      0x414 build/stm32f4xx_hal_usart.o
 .debug_frame   0x00001370       0x30 build/system_stm32f4xx.o
 .debug_frame   0x000013a0       0x70 build/list.o
 .debug_frame   0x00001410      0x458 build/queue.o
 .debug_frame   0x00001868      0x74c build/tasks.o
 .debug_frame   0x00001fb4      0x30c build/timers.o
 .debug_frame   0x000022c0      0x908 build/cmsis_os2.o
 .debug_frame   0x00002bc8       0xd0 build/heap_4.o
 .debug_frame   0x00002c98      0x110 build/port.o
 .debug_frame   0x00002da8       0x2c c:/program files (x86)/gnu arm embedded toolchain/10 2021.10/bin/../lib/gcc/arm-none-eabi/10.3.1/../../../../arm-none-eabi/lib/thumb/v7e-m+fp/hard\libc_nano.a(lib_a-init.o)
 .debug_frame   0x00002dd4       0x28 c:/program files (x86)/gnu arm embedded toolchain/10 2021.10/bin/../lib/gcc/arm-none-eabi/10.3.1/../../../../arm-none-eabi/lib/thumb/v7e-m+fp/hard\libc_nano.a(lib_a-memcpy-stub.o)
 .debug_frame   0x00002dfc       0x20 c:/program files (x86)/gnu arm embedded toolchain/10 2021.10/bin/../lib/gcc/arm-none-eabi/10.3.1/../../../../arm-none-eabi/lib/thumb/v7e-m+fp/hard\libc_nano.a(lib_a-memset.o)
 .debug_frame   0x00002e1c       0x2c c:/program files (x86)/gnu arm embedded toolchain/10 2021.10/bin/../lib/gcc/arm-none-eabi/10.3.1/thumb/v7e-m+fp/hard\libgcc.a(_aeabi_uldivmod.o)
 .debug_frame   0x00002e48       0x34 c:/program files (x86)/gnu arm embedded toolchain/10 2021.10/bin/../lib/gcc/arm-none-eabi/10.3.1/thumb/v7e-m+fp/hard\libgcc.a(_udivmoddi4.o)

Cross Reference Table

Symbol                                            File
ADC_IRQHandler                                    build/startup_stm32f407xx.o
AHBPrescTable                                     build/system_stm32f4xx.o
                                                  build/stm32f4xx_hal_rcc.o
APBPrescTable                                     build/system_stm32f4xx.o
                                                  build/stm32f4xx_hal_rcc.o
BusFault_Handler                                  build/stm32f4xx_it.o
CAN1_RX0_IRQHandler                               build/startup_stm32f407xx.o
CAN1_RX1_IRQHandler                               build/startup_stm32f407xx.o
CAN1_SCE_IRQHandler                               build/startup_stm32f407xx.o
CAN1_TX_IRQHandler                                build/startup_stm32f407xx.o
CAN2_RX0_IRQHandler                               build/startup_stm32f407xx.o
CAN2_RX1_IRQHandler                               build/startup_stm32f407xx.o
CAN2_SCE_IRQHandler                               build/startup_stm32f407xx.o
CAN2_TX_IRQHandler                                build/startup_stm32f407xx.o
DCMI_IRQHandler                                   build/startup_stm32f407xx.o
DMA1_Stream0_IRQHandler                           build/startup_stm32f407xx.o
DMA1_Stream1_IRQHandler                           build/startup_stm32f407xx.o
DMA1_Stream2_IRQHandler                           build/startup_stm32f407xx.o
DMA1_Stream3_IRQHandler                           build/startup_stm32f407xx.o
DMA1_Stream4_IRQHandler                           build/startup_stm32f407xx.o
DMA1_Stream5_IRQHandler                           build/startup_stm32f407xx.o
DMA1_Stream6_IRQHandler                           build/startup_stm32f407xx.o
DMA1_Stream7_IRQHandler                           build/startup_stm32f407xx.o
DMA2_Stream0_IRQHandler                           build/startup_stm32f407xx.o
DMA2_Stream1_IRQHandler                           build/startup_stm32f407xx.o
DMA2_Stream2_IRQHandler                           build/startup_stm32f407xx.o
DMA2_Stream3_IRQHandler                           build/startup_stm32f407xx.o
DMA2_Stream4_IRQHandler                           build/startup_stm32f407xx.o
DMA2_Stream5_IRQHandler                           build/startup_stm32f407xx.o
DMA2_Stream6_IRQHandler                           build/startup_stm32f407xx.o
DMA2_Stream7_IRQHandler                           build/startup_stm32f407xx.o
DebugMon_Handler                                  build/stm32f4xx_it.o
Default_Handler                                   build/startup_stm32f407xx.o
ETH_IRQHandler                                    build/startup_stm32f407xx.o
ETH_WKUP_IRQHandler                               build/startup_stm32f407xx.o
EXTI0_IRQHandler                                  build/startup_stm32f407xx.o
EXTI15_10_IRQHandler                              build/startup_stm32f407xx.o
EXTI1_IRQHandler                                  build/startup_stm32f407xx.o
EXTI2_IRQHandler                                  build/startup_stm32f407xx.o
EXTI3_IRQHandler                                  build/startup_stm32f407xx.o
EXTI4_IRQHandler                                  build/startup_stm32f407xx.o
EXTI9_5_IRQHandler                                build/startup_stm32f407xx.o
Error_Handler                                     build/main.o
                                                  build/usart.o
                                                  build/spi.o
FLASH_Erase_Sector                                build/stm32f4xx_hal_flash_ex.o
                                                  build/stm32f4xx_hal_flash.o
FLASH_FlushCaches                                 build/stm32f4xx_hal_flash_ex.o
                                                  build/stm32f4xx_hal_flash.o
FLASH_IRQHandler                                  build/startup_stm32f407xx.o
FLASH_WaitForLastOperation                        build/stm32f4xx_hal_flash.o
                                                  build/stm32f4xx_hal_flash_ex.o
FPU_IRQHandler                                    build/startup_stm32f407xx.o
FSMC_IRQHandler                                   build/startup_stm32f407xx.o
HAL_DBGMCU_DisableDBGSleepMode                    build/stm32f4xx_hal.o
HAL_DBGMCU_DisableDBGStandbyMode                  build/stm32f4xx_hal.o
HAL_DBGMCU_DisableDBGStopMode                     build/stm32f4xx_hal.o
HAL_DBGMCU_EnableDBGSleepMode                     build/stm32f4xx_hal.o
HAL_DBGMCU_EnableDBGStandbyMode                   build/stm32f4xx_hal.o
HAL_DBGMCU_EnableDBGStopMode                      build/stm32f4xx_hal.o
HAL_DMAEx_ChangeMemory                            build/stm32f4xx_hal_dma_ex.o
HAL_DMAEx_MultiBufferStart                        build/stm32f4xx_hal_dma_ex.o
HAL_DMAEx_MultiBufferStart_IT                     build/stm32f4xx_hal_dma_ex.o
HAL_DMA_Abort                                     build/stm32f4xx_hal_dma.o
                                                  build/stm32f4xx_hal_usart.o
                                                  build/stm32f4xx_hal_spi.o
HAL_DMA_Abort_IT                                  build/stm32f4xx_hal_dma.o
                                                  build/stm32f4xx_hal_usart.o
                                                  build/stm32f4xx_hal_spi.o
HAL_DMA_DeInit                                    build/stm32f4xx_hal_dma.o
HAL_DMA_GetError                                  build/stm32f4xx_hal_dma.o
HAL_DMA_GetState                                  build/stm32f4xx_hal_dma.o
HAL_DMA_IRQHandler                                build/stm32f4xx_hal_dma.o
HAL_DMA_Init                                      build/stm32f4xx_hal_dma.o
HAL_DMA_PollForTransfer                           build/stm32f4xx_hal_dma.o
HAL_DMA_RegisterCallback                          build/stm32f4xx_hal_dma.o
HAL_DMA_Start                                     build/stm32f4xx_hal_dma.o
HAL_DMA_Start_IT                                  build/stm32f4xx_hal_dma.o
                                                  build/stm32f4xx_hal_usart.o
                                                  build/stm32f4xx_hal_spi.o
HAL_DMA_UnRegisterCallback                        build/stm32f4xx_hal_dma.o
HAL_DeInit                                        build/stm32f4xx_hal.o
HAL_Delay                                         build/stm32f4xx_hal.o
HAL_DisableCompensationCell                       build/stm32f4xx_hal.o
HAL_EXTI_ClearConfigLine                          build/stm32f4xx_hal_exti.o
HAL_EXTI_ClearPending                             build/stm32f4xx_hal_exti.o
HAL_EXTI_GenerateSWI                              build/stm32f4xx_hal_exti.o
HAL_EXTI_GetConfigLine                            build/stm32f4xx_hal_exti.o
HAL_EXTI_GetHandle                                build/stm32f4xx_hal_exti.o
HAL_EXTI_GetPending                               build/stm32f4xx_hal_exti.o
HAL_EXTI_IRQHandler                               build/stm32f4xx_hal_exti.o
HAL_EXTI_RegisterCallback                         build/stm32f4xx_hal_exti.o
HAL_EXTI_SetConfigLine                            build/stm32f4xx_hal_exti.o
HAL_EnableCompensationCell                        build/stm32f4xx_hal.o
HAL_FLASHEx_Erase                                 build/stm32f4xx_hal_flash_ex.o
HAL_FLASHEx_Erase_IT                              build/stm32f4xx_hal_flash_ex.o
HAL_FLASHEx_OBGetConfig                           build/stm32f4xx_hal_flash_ex.o
HAL_FLASHEx_OBProgram                             build/stm32f4xx_hal_flash_ex.o
HAL_FLASH_EndOfOperationCallback                  build/stm32f4xx_hal_flash.o
HAL_FLASH_GetError                                build/stm32f4xx_hal_flash.o
HAL_FLASH_IRQHandler                              build/stm32f4xx_hal_flash.o
HAL_FLASH_Lock                                    build/stm32f4xx_hal_flash.o
HAL_FLASH_OB_Launch                               build/stm32f4xx_hal_flash.o
HAL_FLASH_OB_Lock                                 build/stm32f4xx_hal_flash.o
HAL_FLASH_OB_Unlock                               build/stm32f4xx_hal_flash.o
HAL_FLASH_OperationErrorCallback                  build/stm32f4xx_hal_flash.o
HAL_FLASH_Program                                 build/stm32f4xx_hal_flash.o
HAL_FLASH_Program_IT                              build/stm32f4xx_hal_flash.o
HAL_FLASH_Unlock                                  build/stm32f4xx_hal_flash.o
HAL_GPIO_DeInit                                   build/stm32f4xx_hal_gpio.o
                                                  build/usart.o
                                                  build/spi.o
HAL_GPIO_EXTI_Callback                            build/stm32f4xx_hal_gpio.o
HAL_GPIO_EXTI_IRQHandler                          build/stm32f4xx_hal_gpio.o
HAL_GPIO_Init                                     build/stm32f4xx_hal_gpio.o
                                                  build/stm32f4xx_hal_rcc.o
                                                  build/usart.o
                                                  build/spi.o
                                                  build/gpio.o
HAL_GPIO_LockPin                                  build/stm32f4xx_hal_gpio.o
HAL_GPIO_ReadPin                                  build/stm32f4xx_hal_gpio.o
HAL_GPIO_TogglePin                                build/stm32f4xx_hal_gpio.o
                                                  build/freertos.o
HAL_GPIO_WritePin                                 build/stm32f4xx_hal_gpio.o
                                                  build/gpio.o
HAL_GetDEVID                                      build/stm32f4xx_hal.o
HAL_GetHalVersion                                 build/stm32f4xx_hal.o
HAL_GetREVID                                      build/stm32f4xx_hal.o
HAL_GetTick                                       build/stm32f4xx_hal.o
                                                  build/stm32f4xx_hal_usart.o
                                                  build/stm32f4xx_hal_spi.o
                                                  build/stm32f4xx_hal_pwr_ex.o
                                                  build/stm32f4xx_hal_dma.o
                                                  build/stm32f4xx_hal_flash.o
                                                  build/stm32f4xx_hal_rcc_ex.o
                                                  build/stm32f4xx_hal_rcc.o
HAL_GetTickFreq                                   build/stm32f4xx_hal.o
HAL_GetTickPrio                                   build/stm32f4xx_hal.o
HAL_GetUIDw0                                      build/stm32f4xx_hal.o
HAL_GetUIDw1                                      build/stm32f4xx_hal.o
HAL_GetUIDw2                                      build/stm32f4xx_hal.o
HAL_IncTick                                       build/stm32f4xx_hal.o
                                                  build/stm32f4xx_it.o
HAL_Init                                          build/stm32f4xx_hal.o
                                                  build/main.o
HAL_InitTick                                      build/stm32f4xx_hal.o
                                                  build/stm32f4xx_hal_rcc_ex.o
                                                  build/stm32f4xx_hal_rcc.o
HAL_MPU_ConfigRegion                              build/stm32f4xx_hal_cortex.o
HAL_MPU_Disable                                   build/stm32f4xx_hal_cortex.o
HAL_MPU_Enable                                    build/stm32f4xx_hal_cortex.o
HAL_MspDeInit                                     build/stm32f4xx_hal.o
HAL_MspInit                                       build/stm32f4xx_hal_msp.o
HAL_NVIC_ClearPendingIRQ                          build/stm32f4xx_hal_cortex.o
HAL_NVIC_DisableIRQ                               build/stm32f4xx_hal_cortex.o
                                                  build/usart.o
                                                  build/spi.o
HAL_NVIC_EnableIRQ                                build/stm32f4xx_hal_cortex.o
                                                  build/usart.o
                                                  build/spi.o
HAL_NVIC_GetActive                                build/stm32f4xx_hal_cortex.o
HAL_NVIC_GetPendingIRQ                            build/stm32f4xx_hal_cortex.o
HAL_NVIC_GetPriority                              build/stm32f4xx_hal_cortex.o
HAL_NVIC_GetPriorityGrouping                      build/stm32f4xx_hal_cortex.o
HAL_NVIC_SetPendingIRQ                            build/stm32f4xx_hal_cortex.o
HAL_NVIC_SetPriority                              build/stm32f4xx_hal_cortex.o
                                                  build/stm32f4xx_hal.o
                                                  build/stm32f4xx_hal_msp.o
                                                  build/usart.o
                                                  build/spi.o
HAL_NVIC_SetPriorityGrouping                      build/stm32f4xx_hal_cortex.o
                                                  build/stm32f4xx_hal.o
HAL_NVIC_SystemReset                              build/stm32f4xx_hal_cortex.o
HAL_PWREx_ControlVoltageScaling                   build/stm32f4xx_hal_pwr_ex.o
HAL_PWREx_DisableBkUpReg                          build/stm32f4xx_hal_pwr_ex.o
HAL_PWREx_DisableFlashPowerDown                   build/stm32f4xx_hal_pwr_ex.o
HAL_PWREx_EnableBkUpReg                           build/stm32f4xx_hal_pwr_ex.o
HAL_PWREx_EnableFlashPowerDown                    build/stm32f4xx_hal_pwr_ex.o
HAL_PWREx_GetVoltageRange                         build/stm32f4xx_hal_pwr_ex.o
HAL_PWR_ConfigPVD                                 build/stm32f4xx_hal_pwr.o
HAL_PWR_DeInit                                    build/stm32f4xx_hal_pwr.o
HAL_PWR_DisableBkUpAccess                         build/stm32f4xx_hal_pwr.o
HAL_PWR_DisablePVD                                build/stm32f4xx_hal_pwr.o
HAL_PWR_DisableSEVOnPend                          build/stm32f4xx_hal_pwr.o
HAL_PWR_DisableSleepOnExit                        build/stm32f4xx_hal_pwr.o
HAL_PWR_DisableWakeUpPin                          build/stm32f4xx_hal_pwr.o
HAL_PWR_EnableBkUpAccess                          build/stm32f4xx_hal_pwr.o
HAL_PWR_EnablePVD                                 build/stm32f4xx_hal_pwr.o
HAL_PWR_EnableSEVOnPend                           build/stm32f4xx_hal_pwr.o
HAL_PWR_EnableSleepOnExit                         build/stm32f4xx_hal_pwr.o
HAL_PWR_EnableWakeUpPin                           build/stm32f4xx_hal_pwr.o
HAL_PWR_EnterSLEEPMode                            build/stm32f4xx_hal_pwr.o
HAL_PWR_EnterSTANDBYMode                          build/stm32f4xx_hal_pwr.o
HAL_PWR_EnterSTOPMode                             build/stm32f4xx_hal_pwr.o
HAL_PWR_PVDCallback                               build/stm32f4xx_hal_pwr.o
HAL_PWR_PVD_IRQHandler                            build/stm32f4xx_hal_pwr.o
HAL_RCCEx_DisablePLLI2S                           build/stm32f4xx_hal_rcc_ex.o
HAL_RCCEx_EnablePLLI2S                            build/stm32f4xx_hal_rcc_ex.o
HAL_RCCEx_GetPeriphCLKConfig                      build/stm32f4xx_hal_rcc_ex.o
HAL_RCCEx_GetPeriphCLKFreq                        build/stm32f4xx_hal_rcc_ex.o
HAL_RCCEx_PeriphCLKConfig                         build/stm32f4xx_hal_rcc_ex.o
HAL_RCC_CSSCallback                               build/stm32f4xx_hal_rcc.o
HAL_RCC_ClockConfig                               build/stm32f4xx_hal_rcc.o
                                                  build/main.o
HAL_RCC_DeInit                                    build/stm32f4xx_hal_rcc_ex.o
                                                  build/stm32f4xx_hal_rcc.o
HAL_RCC_DisableCSS                                build/stm32f4xx_hal_rcc.o
HAL_RCC_EnableCSS                                 build/stm32f4xx_hal_rcc.o
HAL_RCC_GetClockConfig                            build/stm32f4xx_hal_rcc.o
HAL_RCC_GetHCLKFreq                               build/stm32f4xx_hal_rcc.o
HAL_RCC_GetOscConfig                              build/stm32f4xx_hal_rcc.o
HAL_RCC_GetPCLK1Freq                              build/stm32f4xx_hal_rcc.o
                                                  build/stm32f4xx_hal_usart.o
HAL_RCC_GetPCLK2Freq                              build/stm32f4xx_hal_rcc.o
                                                  build/stm32f4xx_hal_usart.o
HAL_RCC_GetSysClockFreq                           build/stm32f4xx_hal_rcc.o
HAL_RCC_MCOConfig                                 build/stm32f4xx_hal_rcc.o
HAL_RCC_NMI_IRQHandler                            build/stm32f4xx_hal_rcc.o
HAL_RCC_OscConfig                                 build/stm32f4xx_hal_rcc.o
                                                  build/main.o
HAL_ResumeTick                                    build/stm32f4xx_hal.o
HAL_SPI_Abort                                     build/stm32f4xx_hal_spi.o
HAL_SPI_AbortCpltCallback                         build/stm32f4xx_hal_spi.o
HAL_SPI_Abort_IT                                  build/stm32f4xx_hal_spi.o
HAL_SPI_DMAPause                                  build/stm32f4xx_hal_spi.o
HAL_SPI_DMAResume                                 build/stm32f4xx_hal_spi.o
HAL_SPI_DMAStop                                   build/stm32f4xx_hal_spi.o
HAL_SPI_DeInit                                    build/stm32f4xx_hal_spi.o
HAL_SPI_ErrorCallback                             build/stm32f4xx_hal_spi.o
HAL_SPI_GetError                                  build/stm32f4xx_hal_spi.o
HAL_SPI_GetState                                  build/stm32f4xx_hal_spi.o
HAL_SPI_IRQHandler                                build/stm32f4xx_hal_spi.o
                                                  build/stm32f4xx_it.o
HAL_SPI_Init                                      build/stm32f4xx_hal_spi.o
                                                  build/spi.o
HAL_SPI_MspDeInit                                 build/spi.o
HAL_SPI_MspInit                                   build/spi.o
HAL_SPI_Receive                                   build/stm32f4xx_hal_spi.o
HAL_SPI_Receive_DMA                               build/stm32f4xx_hal_spi.o
HAL_SPI_Receive_IT                                build/stm32f4xx_hal_spi.o
HAL_SPI_RxCpltCallback                            build/stm32f4xx_hal_spi.o
HAL_SPI_RxHalfCpltCallback                        build/stm32f4xx_hal_spi.o
HAL_SPI_Transmit                                  build/stm32f4xx_hal_spi.o
HAL_SPI_TransmitReceive                           build/stm32f4xx_hal_spi.o
HAL_SPI_TransmitReceive_DMA                       build/stm32f4xx_hal_spi.o
HAL_SPI_TransmitReceive_IT                        build/stm32f4xx_hal_spi.o
HAL_SPI_Transmit_DMA                              build/stm32f4xx_hal_spi.o
HAL_SPI_Transmit_IT                               build/stm32f4xx_hal_spi.o
HAL_SPI_TxCpltCallback                            build/stm32f4xx_hal_spi.o
HAL_SPI_TxHalfCpltCallback                        build/stm32f4xx_hal_spi.o
HAL_SPI_TxRxCpltCallback                          build/stm32f4xx_hal_spi.o
HAL_SPI_TxRxHalfCpltCallback                      build/stm32f4xx_hal_spi.o
HAL_SYSTICK_CLKSourceConfig                       build/stm32f4xx_hal_cortex.o
HAL_SYSTICK_Callback                              build/stm32f4xx_hal_cortex.o
HAL_SYSTICK_Config                                build/stm32f4xx_hal_cortex.o
                                                  build/stm32f4xx_hal.o
HAL_SYSTICK_IRQHandler                            build/stm32f4xx_hal_cortex.o
HAL_SetTickFreq                                   build/stm32f4xx_hal.o
HAL_SuspendTick                                   build/stm32f4xx_hal.o
HAL_USART_Abort                                   build/stm32f4xx_hal_usart.o
HAL_USART_AbortCpltCallback                       build/stm32f4xx_hal_usart.o
HAL_USART_Abort_IT                                build/stm32f4xx_hal_usart.o
HAL_USART_DMAPause                                build/stm32f4xx_hal_usart.o
HAL_USART_DMAResume                               build/stm32f4xx_hal_usart.o
HAL_USART_DMAStop                                 build/stm32f4xx_hal_usart.o
HAL_USART_DeInit                                  build/stm32f4xx_hal_usart.o
HAL_USART_ErrorCallback                           build/stm32f4xx_hal_usart.o
HAL_USART_GetError                                build/stm32f4xx_hal_usart.o
HAL_USART_GetState                                build/stm32f4xx_hal_usart.o
HAL_USART_IRQHandler                              build/stm32f4xx_hal_usart.o
                                                  build/stm32f4xx_it.o
HAL_USART_Init                                    build/stm32f4xx_hal_usart.o
                                                  build/usart.o
HAL_USART_MspDeInit                               build/usart.o
HAL_USART_MspInit                                 build/usart.o
HAL_USART_Receive                                 build/stm32f4xx_hal_usart.o
HAL_USART_Receive_DMA                             build/stm32f4xx_hal_usart.o
HAL_USART_Receive_IT                              build/stm32f4xx_hal_usart.o
HAL_USART_RxCpltCallback                          build/stm32f4xx_hal_usart.o
HAL_USART_RxHalfCpltCallback                      build/stm32f4xx_hal_usart.o
HAL_USART_Transmit                                build/stm32f4xx_hal_usart.o
HAL_USART_TransmitReceive                         build/stm32f4xx_hal_usart.o
HAL_USART_TransmitReceive_DMA                     build/stm32f4xx_hal_usart.o
HAL_USART_TransmitReceive_IT                      build/stm32f4xx_hal_usart.o
HAL_USART_Transmit_DMA                            build/stm32f4xx_hal_usart.o
HAL_USART_Transmit_IT                             build/stm32f4xx_hal_usart.o
HAL_USART_TxCpltCallback                          build/stm32f4xx_hal_usart.o
HAL_USART_TxHalfCpltCallback                      build/stm32f4xx_hal_usart.o
HAL_USART_TxRxCpltCallback                        build/stm32f4xx_hal_usart.o
HASH_RNG_IRQHandler                               build/startup_stm32f407xx.o
HardFault_Handler                                 build/stm32f4xx_it.o
I2C1_ER_IRQHandler                                build/startup_stm32f407xx.o
I2C1_EV_IRQHandler                                build/startup_stm32f407xx.o
I2C2_ER_IRQHandler                                build/startup_stm32f407xx.o
I2C2_EV_IRQHandler                                build/startup_stm32f407xx.o
I2C3_ER_IRQHandler                                build/startup_stm32f407xx.o
I2C3_EV_IRQHandler                                build/startup_stm32f407xx.o
LedHandle                                         build/freertos.o
Led_attributes                                    build/freertos.o
MX_FREERTOS_Init                                  build/freertos.o
                                                  build/main.o
MX_GPIO_Init                                      build/gpio.o
                                                  build/main.o
MX_SPI1_Init                                      build/spi.o
                                                  build/main.o
MX_USART1_Init                                    build/usart.o
                                                  build/main.o
MemManage_Handler                                 build/stm32f4xx_it.o
NMI_Handler                                       build/stm32f4xx_it.o
OTG_FS_IRQHandler                                 build/startup_stm32f407xx.o
OTG_FS_WKUP_IRQHandler                            build/startup_stm32f407xx.o
OTG_HS_EP1_IN_IRQHandler                          build/startup_stm32f407xx.o
OTG_HS_EP1_OUT_IRQHandler                         build/startup_stm32f407xx.o
OTG_HS_IRQHandler                                 build/startup_stm32f407xx.o
OTG_HS_WKUP_IRQHandler                            build/startup_stm32f407xx.o
PVD_IRQHandler                                    build/startup_stm32f407xx.o
PendSV_Handler                                    build/port.o
RCC_IRQHandler                                    build/startup_stm32f407xx.o
RTC_Alarm_IRQHandler                              build/startup_stm32f407xx.o
RTC_WKUP_IRQHandler                               build/startup_stm32f407xx.o
Reset_Handler                                     build/startup_stm32f407xx.o
SDIO_IRQHandler                                   build/startup_stm32f407xx.o
SPI1_IRQHandler                                   build/stm32f4xx_it.o
SPI2_IRQHandler                                   build/startup_stm32f407xx.o
SPI3_IRQHandler                                   build/startup_stm32f407xx.o
SVC_Handler                                       build/port.o
SysTick_Handler                                   build/stm32f4xx_it.o
SystemClock_Config                                build/main.o
SystemCoreClock                                   build/system_stm32f4xx.o
                                                  build/port.o
                                                  build/cmsis_os2.o
                                                  build/stm32f4xx_hal_spi.o
                                                  build/stm32f4xx_hal.o
                                                  build/stm32f4xx_hal_dma.o
                                                  build/stm32f4xx_hal_rcc_ex.o
                                                  build/stm32f4xx_hal_rcc.o
SystemCoreClockUpdate                             build/system_stm32f4xx.o
SystemInit                                        build/system_stm32f4xx.o
                                                  build/startup_stm32f407xx.o
TAMP_STAMP_IRQHandler                             build/startup_stm32f407xx.o
TIM1_BRK_TIM9_IRQHandler                          build/startup_stm32f407xx.o
TIM1_CC_IRQHandler                                build/startup_stm32f407xx.o
TIM1_TRG_COM_TIM11_IRQHandler                     build/startup_stm32f407xx.o
TIM1_UP_TIM10_IRQHandler                          build/startup_stm32f407xx.o
TIM2_IRQHandler                                   build/startup_stm32f407xx.o
TIM3_IRQHandler                                   build/startup_stm32f407xx.o
TIM4_IRQHandler                                   build/startup_stm32f407xx.o
TIM5_IRQHandler                                   build/startup_stm32f407xx.o
TIM6_DAC_IRQHandler                               build/startup_stm32f407xx.o
TIM7_IRQHandler                                   build/startup_stm32f407xx.o
TIM8_BRK_TIM12_IRQHandler                         build/startup_stm32f407xx.o
TIM8_CC_IRQHandler                                build/startup_stm32f407xx.o
TIM8_TRG_COM_TIM14_IRQHandler                     build/startup_stm32f407xx.o
TIM8_UP_TIM13_IRQHandler                          build/startup_stm32f407xx.o
Task_Led                                          build/freertos.o
Task_LedBuffer                                    build/freertos.o
Task_LedControlBlock                              build/freertos.o
UART4_IRQHandler                                  build/startup_stm32f407xx.o
UART5_IRQHandler                                  build/startup_stm32f407xx.o
USART1_IRQHandler                                 build/stm32f4xx_it.o
USART2_IRQHandler                                 build/startup_stm32f407xx.o
USART3_IRQHandler                                 build/startup_stm32f407xx.o
USART6_IRQHandler                                 build/startup_stm32f407xx.o
UsageFault_Handler                                build/stm32f4xx_it.o
WWDG_IRQHandler                                   build/startup_stm32f407xx.o
__aeabi_idiv0                                     c:/program files (x86)/gnu arm embedded toolchain/10 2021.10/bin/../lib/gcc/arm-none-eabi/10.3.1/thumb/v7e-m+fp/hard\libgcc.a(_dvmd_tls.o)
__aeabi_ldiv0                                     c:/program files (x86)/gnu arm embedded toolchain/10 2021.10/bin/../lib/gcc/arm-none-eabi/10.3.1/thumb/v7e-m+fp/hard\libgcc.a(_dvmd_tls.o)
                                                  c:/program files (x86)/gnu arm embedded toolchain/10 2021.10/bin/../lib/gcc/arm-none-eabi/10.3.1/thumb/v7e-m+fp/hard\libgcc.a(_aeabi_uldivmod.o)
__aeabi_uldivmod                                  c:/program files (x86)/gnu arm embedded toolchain/10 2021.10/bin/../lib/gcc/arm-none-eabi/10.3.1/thumb/v7e-m+fp/hard\libgcc.a(_aeabi_uldivmod.o)
                                                  build/stm32f4xx_hal_usart.o
                                                  build/stm32f4xx_hal_rcc.o
__bss_end__                                       c:/program files (x86)/gnu arm embedded toolchain/10 2021.10/bin/../lib/gcc/arm-none-eabi/10.3.1/../../../../arm-none-eabi/lib/thumb/v7e-m+fp/hard/crt0.o
__bss_start__                                     c:/program files (x86)/gnu arm embedded toolchain/10 2021.10/bin/../lib/gcc/arm-none-eabi/10.3.1/../../../../arm-none-eabi/lib/thumb/v7e-m+fp/hard/crt0.o
__call_exitprocs                                  c:/program files (x86)/gnu arm embedded toolchain/10 2021.10/bin/../lib/gcc/arm-none-eabi/10.3.1/../../../../arm-none-eabi/lib/thumb/v7e-m+fp/hard\libc_nano.a(lib_a-exit.o)
__deregister_frame_info                           c:/program files (x86)/gnu arm embedded toolchain/10 2021.10/bin/../lib/gcc/arm-none-eabi/10.3.1/thumb/v7e-m+fp/hard/crtbegin.o
__dso_handle                                      c:/program files (x86)/gnu arm embedded toolchain/10 2021.10/bin/../lib/gcc/arm-none-eabi/10.3.1/thumb/v7e-m+fp/hard/crtbegin.o
__init_array_end                                  c:/program files (x86)/gnu arm embedded toolchain/10 2021.10/bin/../lib/gcc/arm-none-eabi/10.3.1/../../../../arm-none-eabi/lib/thumb/v7e-m+fp/hard\libc_nano.a(lib_a-init.o)
__init_array_start                                c:/program files (x86)/gnu arm embedded toolchain/10 2021.10/bin/../lib/gcc/arm-none-eabi/10.3.1/../../../../arm-none-eabi/lib/thumb/v7e-m+fp/hard\libc_nano.a(lib_a-init.o)
__libc_fini_array                                 c:/program files (x86)/gnu arm embedded toolchain/10 2021.10/bin/../lib/gcc/arm-none-eabi/10.3.1/../../../../arm-none-eabi/lib/thumb/v7e-m+fp/hard/crt0.o
__libc_init_array                                 c:/program files (x86)/gnu arm embedded toolchain/10 2021.10/bin/../lib/gcc/arm-none-eabi/10.3.1/../../../../arm-none-eabi/lib/thumb/v7e-m+fp/hard\libc_nano.a(lib_a-init.o)
                                                  build/startup_stm32f407xx.o
                                                  c:/program files (x86)/gnu arm embedded toolchain/10 2021.10/bin/../lib/gcc/arm-none-eabi/10.3.1/../../../../arm-none-eabi/lib/thumb/v7e-m+fp/hard/crt0.o
__lock___arc4random_mutex                         c:/program files (x86)/gnu arm embedded toolchain/10 2021.10/bin/../lib/gcc/arm-none-eabi/10.3.1/../../../../arm-none-eabi/lib/thumb/v7e-m+fp/hard\libc_nano.a(lib_a-lock.o)
__lock___at_quick_exit_mutex                      c:/program files (x86)/gnu arm embedded toolchain/10 2021.10/bin/../lib/gcc/arm-none-eabi/10.3.1/../../../../arm-none-eabi/lib/thumb/v7e-m+fp/hard\libc_nano.a(lib_a-lock.o)
__lock___atexit_recursive_mutex                   c:/program files (x86)/gnu arm embedded toolchain/10 2021.10/bin/../lib/gcc/arm-none-eabi/10.3.1/../../../../arm-none-eabi/lib/thumb/v7e-m+fp/hard\libc_nano.a(lib_a-lock.o)
__lock___dd_hash_mutex                            c:/program files (x86)/gnu arm embedded toolchain/10 2021.10/bin/../lib/gcc/arm-none-eabi/10.3.1/../../../../arm-none-eabi/lib/thumb/v7e-m+fp/hard\libc_nano.a(lib_a-lock.o)
__lock___env_recursive_mutex                      c:/program files (x86)/gnu arm embedded toolchain/10 2021.10/bin/../lib/gcc/arm-none-eabi/10.3.1/../../../../arm-none-eabi/lib/thumb/v7e-m+fp/hard\libc_nano.a(lib_a-lock.o)
__lock___malloc_recursive_mutex                   c:/program files (x86)/gnu arm embedded toolchain/10 2021.10/bin/../lib/gcc/arm-none-eabi/10.3.1/../../../../arm-none-eabi/lib/thumb/v7e-m+fp/hard\libc_nano.a(lib_a-lock.o)
                                                  c:/program files (x86)/gnu arm embedded toolchain/10 2021.10/bin/../lib/gcc/arm-none-eabi/10.3.1/../../../../arm-none-eabi/lib/thumb/v7e-m+fp/hard\libc_nano.a(lib_a-mlock.o)
__lock___sfp_recursive_mutex                      c:/program files (x86)/gnu arm embedded toolchain/10 2021.10/bin/../lib/gcc/arm-none-eabi/10.3.1/../../../../arm-none-eabi/lib/thumb/v7e-m+fp/hard\libc_nano.a(lib_a-lock.o)
__lock___sinit_recursive_mutex                    c:/program files (x86)/gnu arm embedded toolchain/10 2021.10/bin/../lib/gcc/arm-none-eabi/10.3.1/../../../../arm-none-eabi/lib/thumb/v7e-m+fp/hard\libc_nano.a(lib_a-lock.o)
__lock___tz_mutex                                 c:/program files (x86)/gnu arm embedded toolchain/10 2021.10/bin/../lib/gcc/arm-none-eabi/10.3.1/../../../../arm-none-eabi/lib/thumb/v7e-m+fp/hard\libc_nano.a(lib_a-lock.o)
__malloc_free_list                                c:/program files (x86)/gnu arm embedded toolchain/10 2021.10/bin/../lib/gcc/arm-none-eabi/10.3.1/../../../../arm-none-eabi/lib/thumb/v7e-m+fp/hard\libc_nano.a(lib_a-nano-mallocr.o)
                                                  c:/program files (x86)/gnu arm embedded toolchain/10 2021.10/bin/../lib/gcc/arm-none-eabi/10.3.1/../../../../arm-none-eabi/lib/thumb/v7e-m+fp/hard\libc_nano.a(lib_a-nano-freer.o)
__malloc_lock                                     c:/program files (x86)/gnu arm embedded toolchain/10 2021.10/bin/../lib/gcc/arm-none-eabi/10.3.1/../../../../arm-none-eabi/lib/thumb/v7e-m+fp/hard\libc_nano.a(lib_a-mlock.o)
                                                  c:/program files (x86)/gnu arm embedded toolchain/10 2021.10/bin/../lib/gcc/arm-none-eabi/10.3.1/../../../../arm-none-eabi/lib/thumb/v7e-m+fp/hard\libc_nano.a(lib_a-nano-mallocr.o)
                                                  c:/program files (x86)/gnu arm embedded toolchain/10 2021.10/bin/../lib/gcc/arm-none-eabi/10.3.1/../../../../arm-none-eabi/lib/thumb/v7e-m+fp/hard\libc_nano.a(lib_a-nano-freer.o)
__malloc_sbrk_start                               c:/program files (x86)/gnu arm embedded toolchain/10 2021.10/bin/../lib/gcc/arm-none-eabi/10.3.1/../../../../arm-none-eabi/lib/thumb/v7e-m+fp/hard\libc_nano.a(lib_a-nano-mallocr.o)
__malloc_unlock                                   c:/program files (x86)/gnu arm embedded toolchain/10 2021.10/bin/../lib/gcc/arm-none-eabi/10.3.1/../../../../arm-none-eabi/lib/thumb/v7e-m+fp/hard\libc_nano.a(lib_a-mlock.o)
                                                  c:/program files (x86)/gnu arm embedded toolchain/10 2021.10/bin/../lib/gcc/arm-none-eabi/10.3.1/../../../../arm-none-eabi/lib/thumb/v7e-m+fp/hard\libc_nano.a(lib_a-nano-mallocr.o)
                                                  c:/program files (x86)/gnu arm embedded toolchain/10 2021.10/bin/../lib/gcc/arm-none-eabi/10.3.1/../../../../arm-none-eabi/lib/thumb/v7e-m+fp/hard\libc_nano.a(lib_a-nano-freer.o)
__preinit_array_end                               c:/program files (x86)/gnu arm embedded toolchain/10 2021.10/bin/../lib/gcc/arm-none-eabi/10.3.1/../../../../arm-none-eabi/lib/thumb/v7e-m+fp/hard\libc_nano.a(lib_a-init.o)
__preinit_array_start                             c:/program files (x86)/gnu arm embedded toolchain/10 2021.10/bin/../lib/gcc/arm-none-eabi/10.3.1/../../../../arm-none-eabi/lib/thumb/v7e-m+fp/hard\libc_nano.a(lib_a-init.o)
__register_frame_info                             c:/program files (x86)/gnu arm embedded toolchain/10 2021.10/bin/../lib/gcc/arm-none-eabi/10.3.1/thumb/v7e-m+fp/hard/crtbegin.o
__retarget_lock_acquire                           c:/program files (x86)/gnu arm embedded toolchain/10 2021.10/bin/../lib/gcc/arm-none-eabi/10.3.1/../../../../arm-none-eabi/lib/thumb/v7e-m+fp/hard\libc_nano.a(lib_a-lock.o)
__retarget_lock_acquire_recursive                 c:/program files (x86)/gnu arm embedded toolchain/10 2021.10/bin/../lib/gcc/arm-none-eabi/10.3.1/../../../../arm-none-eabi/lib/thumb/v7e-m+fp/hard\libc_nano.a(lib_a-lock.o)
                                                  c:/program files (x86)/gnu arm embedded toolchain/10 2021.10/bin/../lib/gcc/arm-none-eabi/10.3.1/../../../../arm-none-eabi/lib/thumb/v7e-m+fp/hard\libc_nano.a(lib_a-mlock.o)